Component: ARM Compiler 5.06 update 7 (build 960) Tool: armlink [4d3601]

==============================================================================

Section Cross References

    startup_stm32f107xc.o(STACK) refers (Special) to heapauxi.o(.text) for __use_two_region_memory
    startup_stm32f107xc.o(HEAP) refers (Special) to heapauxi.o(.text) for __use_two_region_memory
    startup_stm32f107xc.o(RESET) refers (Special) to heapauxi.o(.text) for __use_two_region_memory
    startup_stm32f107xc.o(RESET) refers to startup_stm32f107xc.o(STACK) for __initial_sp
    startup_stm32f107xc.o(RESET) refers to startup_stm32f107xc.o(.text) for Reset_Handler
    startup_stm32f107xc.o(RESET) refers to stm32f1xx_it.o(i.NMI_Handler) for NMI_Handler
    startup_stm32f107xc.o(RESET) refers to stm32f1xx_it.o(i.HardFault_Handler) for HardFault_Handler
    startup_stm32f107xc.o(RESET) refers to stm32f1xx_it.o(i.MemManage_Handler) for MemManage_Handler
    startup_stm32f107xc.o(RESET) refers to stm32f1xx_it.o(i.BusFault_Handler) for BusFault_Handler
    startup_stm32f107xc.o(RESET) refers to stm32f1xx_it.o(i.UsageFault_Handler) for UsageFault_Handler
    startup_stm32f107xc.o(RESET) refers to stm32f1xx_it.o(i.DebugMon_Handler) for DebugMon_Handler
    startup_stm32f107xc.o(RESET) refers to stm32f1xx_it.o(i.SysTick_Handler) for SysTick_Handler
    startup_stm32f107xc.o(RESET) refers to stm32f1xx_it.o(i.TIM7_IRQHandler) for TIM7_IRQHandler
    startup_stm32f107xc.o(.text) refers (Special) to heapauxi.o(.text) for __use_two_region_memory
    startup_stm32f107xc.o(.text) refers to system_stm32f1xx.o(i.SystemInit) for SystemInit
    startup_stm32f107xc.o(.text) refers to __main.o(!!!main) for __main
    startup_stm32f107xc.o(.text) refers to startup_stm32f107xc.o(HEAP) for Heap_Mem
    startup_stm32f107xc.o(.text) refers to startup_stm32f107xc.o(STACK) for Stack_Mem
    main.o(i._Z18SystemClock_Configv) refers to rt_memclr_w.o(.text) for __aeabi_memclr4
    main.o(i._Z18SystemClock_Configv) refers to stm32f1xx_hal_rcc.o(i.HAL_RCC_OscConfig) for HAL_RCC_OscConfig
    main.o(i._Z18SystemClock_Configv) refers to stm32f1xx_hal_rcc.o(i.HAL_RCC_ClockConfig) for HAL_RCC_ClockConfig
    main.o(i.main) refers to _printf_percent.o(.ARM.Collect$$_printf_percent$$00000000) for _printf_percent
    main.o(i.main) refers to _printf_f.o(.ARM.Collect$$_printf_percent$$00000003) for _printf_f
    main.o(i.main) refers to printf1.o(x$fpl$printf1) for _printf_fp_dec
    main.o(i.main) refers to stm32f1xx_hal.o(i.HAL_Init) for HAL_Init
    main.o(i.main) refers to main.o(i._Z18SystemClock_Configv) for SystemClock_Config()
    main.o(i.main) refers to gpio.o(i.MX_GPIO_Init) for MX_GPIO_Init
    main.o(i.main) refers to tim.o(i.MX_TIM7_Init) for MX_TIM7_Init
    main.o(i.main) refers to i2c.o(i.MX_I2C1_Init) for MX_I2C1_Init
    main.o(i.main) refers to lcd_hd44780_lib.o(i.LCD_Initialize) for LCD_Initialize
    main.o(i.main) refers to lcd_hd44780_lib.o(i.LCD_SetUserChar) for LCD_SetUserChar
    main.o(i.main) refers to lcd_hd44780_lib.o(i.LCD_WriteTextXY) for LCD_WriteTextXY
    main.o(i.main) refers to stm32f1xx_hal.o(i.HAL_Delay) for HAL_Delay
    main.o(i.main) refers to driverbmp280.o(i._ZN12DriverBMP280C1EP17I2C_HandleTypeDeft) for DriverBMP280::DriverBMP280(I2C_HandleTypeDef*, unsigned short)
    main.o(i.main) refers to driverbmp280.o(i._ZN12DriverBMP2804InitEv) for DriverBMP280::Init()
    main.o(i.main) refers to lcd_hd44780_lib.o(i.LCD_WriteText) for LCD_WriteText
    main.o(i.main) refers to driverbmp280.o(i._ZN12DriverBMP28010ReadValuesERfS0_S0_) for DriverBMP280::ReadValues(float&, float&, float&)
    main.o(i.main) refers to lcd_hd44780_lib.o(i.LCD_Clear) for LCD_Clear
    main.o(i.main) refers to fdiv.o(x$fpl$fdiv) for __aeabi_fdiv
    main.o(i.main) refers to f2d.o(x$fpl$f2d) for __aeabi_f2d
    main.o(i.main) refers to noretval__2sprintf.o(.text) for __2sprintf
    main.o(i.main) refers to lcd_hd44780_lib.o(i.LCD_GoTo) for LCD_GoTo
    main.o(i.main) refers to lcd_hd44780_lib.o(i.LCD_WriteData) for LCD_WriteData
    main.o(i.main) refers to i2c.o(.bss) for hi2c1
    main.o(i.main) refers to main.o(.data) for .data
    main.o(i.main) refers to main.o(.bss) for .bss
    main.o(.ARM.exidx) refers to main.o(i.Error_Handler) for i.Error_Handler
    main.o(.ARM.exidx) refers to main.o(i._Z18SystemClock_Configv) for i._Z18SystemClock_Configv
    main.o(.ARM.exidx) refers to main.o(i.main) for i.main
    gpio.o(i.MX_GPIO_Init) refers to stm32f1xx_hal_gpio.o(i.HAL_GPIO_WritePin) for HAL_GPIO_WritePin
    gpio.o(i.MX_GPIO_Init) refers to stm32f1xx_hal_gpio.o(i.HAL_GPIO_Init) for HAL_GPIO_Init
    i2c.o(i.HAL_I2C_MspDeInit) refers to stm32f1xx_hal_gpio.o(i.HAL_GPIO_DeInit) for HAL_GPIO_DeInit
    i2c.o(i.HAL_I2C_MspInit) refers to stm32f1xx_hal_gpio.o(i.HAL_GPIO_Init) for HAL_GPIO_Init
    i2c.o(i.MX_I2C1_Init) refers to stm32f1xx_hal_i2c.o(i.HAL_I2C_Init) for HAL_I2C_Init
[...]
    ../clib/printf.c                         0x00000000   Number         0  _printf_char_common.o ABSOLUTE
    ../clib/printf.c                         0x00000000   Number         0  _sputc.o ABSOLUTE
    ../clib/printf.c                         0x00000000   Number         0  _printf_fp_infnan.o ABSOLUTE
    ../clib/printf.c                         0x00000000   Number         0  __printf_wp.o ABSOLUTE
    ../clib/printf.c                         0x00000000   Number         0  __printf_flags_ss_wp.o ABSOLUTE
    ../clib/printf.c                         0x00000000   Number         0  __printf_ss_wp.o ABSOLUTE
    ../clib/printf.c                         0x00000000   Number         0  _printf_fp_dec.o ABSOLUTE
    ../clib/printf_percent.s                 0x00000000   Number         0  _printf_percent.o ABSOLUTE
    ../clib/printf_percent.s                 0x00000000   Number         0  _printf_percent_end.o ABSOLUTE
    ../clib/printf_percent.s                 0x00000000   Number         0  _printf_f.o ABSOLUTE
    ../clib/signal.c                         0x00000000   Number         0  defsig_other.o ABSOLUTE
    ../clib/signal.c                         0x00000000   Number         0  defsig_segv_inner.o ABSOLUTE
    ../clib/signal.c                         0x00000000   Number         0  defsig_cppl_inner.o ABSOLUTE
    ../clib/signal.c                         0x00000000   Number         0  defsig_pvfn_inner.o ABSOLUTE
    ../clib/signal.c                         0x00000000   Number         0  defsig_stak_inner.o ABSOLUTE
    ../clib/signal.c                         0x00000000   Number         0  defsig_general.o ABSOLUTE
    ../clib/signal.c                         0x00000000   Number         0  defsig_rtmem_inner.o ABSOLUTE
    ../clib/signal.c                         0x00000000   Number         0  defsig_fpe_outer.o ABSOLUTE
    ../clib/signal.c                         0x00000000   Number         0  defsig_rtred_inner.o ABSOLUTE
    ../clib/signal.c                         0x00000000   Number         0  defsig_abrt_inner.o ABSOLUTE
    ../clib/signal.c                         0x00000000   Number         0  defsig_rtmem_outer.o ABSOLUTE
    ../clib/signal.c                         0x00000000   Number         0  defsig_fpe_formal.o ABSOLUTE
    ../clib/signal.c                         0x00000000   Number         0  defsig_fpe_inner.o ABSOLUTE
    ../clib/signal.c                         0x00000000   Number         0  defsig_exit.o ABSOLUTE
    ../clib/signal.c                         0x00000000   Number         0  defsig_rtmem_formal.o ABSOLUTE
    ../clib/signal.c                         0x00000000   Number         0  __raise.o ABSOLUTE
    ../clib/signal.s                         0x00000000   Number         0  defsig.o ABSOLUTE
    ../clib/stdlib.c                         0x00000000   Number         0  exit.o ABSOLUTE
    ../fplib/d2f.s                           0x00000000   Number         0  d2f.o ABSOLUTE
    ../fplib/dcheck1.s                       0x00000000   Number         0  dcheck1.o ABSOLUTE
    ../fplib/dflt.s                          0x00000000   Number         0  dflt_clz.o ABSOLUTE
    ../fplib/dnaninf.s                       0x00000000   Number         0  dnaninf.o ABSOLUTE
    ../fplib/dretinf.s                       0x00000000   Number         0  dretinf.o ABSOLUTE
    ../fplib/f2d.s                           0x00000000   Number         0  f2d.o ABSOLUTE
    ../fplib/fdiv.s                          0x00000000   Number         0  fdiv.o ABSOLUTE
    ../fplib/fflt.s                          0x00000000   Number         0  fflt_clz.o ABSOLUTE
    ../fplib/fnaninf.s                       0x00000000   Number         0  fnaninf.o ABSOLUTE
    ../fplib/fpinit.s                        0x00000000   Number         0  fpinit.o ABSOLUTE
    ../fplib/fretinf.s                       0x00000000   Number         0  fretinf.o ABSOLUTE
    ../fplib/istatus.s                       0x00000000   Number         0  istatus.o ABSOLUTE
    ../fplib/printf1.s                       0x00000000   Number         0  printf1.o ABSOLUTE
    ../fplib/retnan.s                        0x00000000   Number         0  retnan.o ABSOLUTE
    ../fplib/scalbn.s                        0x00000000   Number         0  scalbn.o ABSOLUTE
    ../fplib/trapv.s                         0x00000000   Number         0  trapv.o ABSOLUTE
    ../fplib/usenofp.s                       0x00000000   Number         0  usenofp.o ABSOLUTE
    ../mathlib/fpclassify.c                  0x00000000   Number         0  fpclassify.o ABSOLUTE
    ..\Drivers\STM32F1xx_HAL_Driver\Src\stm32f1xx_hal.c 0x00000000   Number         0  stm32f1xx_hal.o ABSOLUTE
    ..\Drivers\STM32F1xx_HAL_Driver\Src\stm32f1xx_hal_cortex.c 0x00000000   Number         0  stm32f1xx_hal_cortex.o ABSOLUTE
    ..\Drivers\STM32F1xx_HAL_Driver\Src\stm32f1xx_hal_dma.c 0x00000000   Number         0  stm32f1xx_hal_dma.o ABSOLUTE
    ..\Drivers\STM32F1xx_HAL_Driver\Src\stm32f1xx_hal_exti.c 0x00000000   Number         0  stm32f1xx_hal_exti.o ABSOLUTE
    ..\Drivers\STM32F1xx_HAL_Driver\Src\stm32f1xx_hal_flash.c 0x00000000   Number         0  stm32f1xx_hal_flash.o ABSOLUTE
    ..\Drivers\STM32F1xx_HAL_Driver\Src\stm32f1xx_hal_flash_ex.c 0x00000000   Number         0  stm32f1xx_hal_flash_ex.o ABSOLUTE
    ..\Drivers\STM32F1xx_HAL_Driver\Src\stm32f1xx_hal_gpio.c 0x00000000   Number         0  stm32f1xx_hal_gpio.o ABSOLUTE
    ..\Drivers\STM32F1xx_HAL_Driver\Src\stm32f1xx_hal_gpio_ex.c 0x00000000   Number         0  stm32f1xx_hal_gpio_ex.o ABSOLUTE
    ..\Drivers\STM32F1xx_HAL_Driver\Src\stm32f1xx_hal_i2c.c 0x00000000   Number         0  stm32f1xx_hal_i2c.o ABSOLUTE
    ..\Drivers\STM32F1xx_HAL_Driver\Src\stm32f1xx_hal_pwr.c 0x00000000   Number         0  stm32f1xx_hal_pwr.o ABSOLUTE
    ..\Drivers\STM32F1xx_HAL_Driver\Src\stm32f1xx_hal_rcc.c 0x00000000   Number         0  stm32f1xx_hal_rcc.o ABSOLUTE
    ..\Drivers\STM32F1xx_HAL_Driver\Src\stm32f1xx_hal_rcc_ex.c 0x00000000   Number         0  stm32f1xx_hal_rcc_ex.o ABSOLUTE
    ..\Drivers\STM32F1xx_HAL_Driver\Src\stm32f1xx_hal_tim.c 0x00000000   Number         0  stm32f1xx_hal_tim.o ABSOLUTE
    ..\Drivers\STM32F1xx_HAL_Driver\Src\stm32f1xx_hal_tim_ex.c 0x00000000   Number         0  stm32f1xx_hal_tim_ex.o ABSOLUTE
    ..\Src\DriverBMP280.cpp                  0x00000000   Number         0  driverbmp280.o ABSOLUTE
    ..\Src\gpio.c                            0x00000000   Number         0  gpio.o ABSOLUTE
    ..\Src\i2c.c                             0x00000000   Number         0  i2c.o ABSOLUTE
    ..\Src\lcd_hd44780_lib.c                 0x00000000   Number         0  lcd_hd44780_lib.o ABSOLUTE
    ..\Src\main.c                            0x00000000   Number         0  main.o ABSOLUTE
    ..\Src\stm32f1xx_hal_msp.c               0x00000000   Number         0  stm32f1xx_hal_msp.o ABSOLUTE
    ..\Src\stm32f1xx_it.c                    0x00000000   Number         0  stm32f1xx_it.o ABSOLUTE
    ..\Src\system_stm32f1xx.c                0x00000000   Number         0  system_stm32f1xx.o ABSOLUTE
    ..\Src\tim.c                             0x00000000   Number         0  tim.o ABSOLUTE
    ..\\Src\\DriverBMP280.cpp                0x00000000   Number         0  driverbmp280.o ABSOLUTE
    ..\\Src\\lcd_hd44780_lib.c               0x00000000   Number         0  lcd_hd44780_lib.o ABSOLUTE
    dc.s                                     0x00000000   Number         0  dc.o ABSOLUTE
    startup_stm32f107xc.s                    0x00000000   Number         0  startup_stm32f107xc.o ABSOLUTE
    RESET                                    0x08000000   Section      336  startup_stm32f107xc.o(RESET)
    !!!main                                  0x08000150   Section        8  __main.o(!!!main)
    !!!scatter                               0x08000158   Section       52  __scatter.o(!!!scatter)
    !!handler_copy                           0x0800018c   Section       26  __scatter_copy.o(!!handler_copy)
    !!handler_zi                             0x080001a8   Section       28  __scatter_zi.o(!!handler_zi)
    .ARM.Collect$$_printf_percent$$00000000  0x080001c4   Section        0  _printf_percent.o(.ARM.Collect$$_printf_percent$$00000000)
    .ARM.Collect$$_printf_percent$$00000003  0x080001c4   Section        6  _printf_f.o(.ARM.Collect$$_printf_percent$$00000003)
    .ARM.Collect$$_printf_percent$$00000017  0x080001ca   Section        4  _printf_percent_end.o(.ARM.Collect$$_printf_percent$$00000017)
    .ARM.Collect$$libinit$$00000000          0x080001ce   Section        2  libinit.o(.ARM.Collect$$libinit$$00000000)
    .ARM.Collect$$libinit$$00000002          0x080001d0   Section        0  libinit2.o(.ARM.Collect$$libinit$$00000002)
    .ARM.Collect$$libinit$$00000004          0x080001d0   Section        0  libinit2.o(.ARM.Collect$$libinit$$00000004)
    .ARM.Collect$$libinit$$0000000A          0x080001d0   Section        0  libinit2.o(.ARM.Collect$$libinit$$0000000A)
    .ARM.Collect$$libinit$$0000000C          0x080001d0   Section        0  libinit2.o(.ARM.Collect$$libinit$$0000000C)
    .ARM.Collect$$libinit$$0000000E          0x080001d0   Section        0  libinit2.o(.ARM.Collect$$libinit$$0000000E)
    .ARM.Collect$$libinit$$0000000F          0x080001d0   Section        6  libinit2.o(.ARM.Collect$$libinit$$0000000F)
    .ARM.Collect$$libinit$$00000011          0x080001d6   Section        0  libinit2.o(.ARM.Collect$$libinit$$00000011)
    .ARM.Collect$$libinit$$00000013          0x080001d6   Section        0  libinit2.o(.ARM.Collect$$libinit$$00000013)
    .ARM.Collect$$libinit$$00000015          0x080001d6   Section        0  libinit2.o(.ARM.Collect$$libinit$$00000015)
    .ARM.Collect$$libinit$$00000016          0x080001d6   Section       10  libinit2.o(.ARM.Collect$$libinit$$00000016)
    .ARM.Collect$$libinit$$00000017          0x080001e0   Section        0  libinit2.o(.ARM.Collect$$libinit$$00000017)
    .ARM.Collect$$libinit$$00000019          0x080001e0   Section        0  libinit2.o(.ARM.Collect$$libinit$$00000019)
    .ARM.Collect$$libinit$$0000001B          0x080001e0   Section        0  libinit2.o(.ARM.Collect$$libinit$$0000001B)
    .ARM.Collect$$libinit$$0000001D          0x080001e0   Section        0  libinit2.o(.ARM.Collect$$libinit$$0000001D)
    .ARM.Collect$$libinit$$0000001F          0x080001e0   Section        0  libinit2.o(.ARM.Collect$$libinit$$0000001F)
    .ARM.Collect$$libinit$$00000021          0x080001e0   Section        0  libinit2.o(.ARM.Collect$$libinit$$00000021)
    .ARM.Collect$$libinit$$00000023          0x080001e0   Section        0  libinit2.o(.ARM.Collect$$libinit$$00000023)
    .ARM.Collect$$libinit$$00000025          0x080001e0   Section        0  libinit2.o(.ARM.Collect$$libinit$$00000025)
    .ARM.Collect$$libinit$$0000002C          0x080001e0   Section        0  libinit2.o(.ARM.Collect$$libinit$$0000002C)
    .ARM.Collect$$libinit$$0000002E          0x080001e0   Section        0  libinit2.o(.ARM.Collect$$libinit$$0000002E)
    .ARM.Collect$$libinit$$00000030          0x080001e0   Section        0  libinit2.o(.ARM.Collect$$libinit$$00000030)
    .ARM.Collect$$libinit$$00000032          0x080001e0   Section        0  libinit2.o(.ARM.Collect$$libinit$$00000032)
    .ARM.Collect$$libinit$$00000033          0x080001e0   Section        2  libinit2.o(.ARM.Collect$$libinit$$00000033)
    .ARM.Collect$$libshutdown$$00000000      0x080001e2   Section        2  libshutdown.o(.ARM.Collect$$libshutdown$$00000000)
    .ARM.Collect$$libshutdown$$00000002      0x080001e4   Section        0  libshutdown2.o(.ARM.Collect$$libshutdown$$00000002)
    .ARM.Collect$$libshutdown$$00000004      0x080001e4   Section        0  libshutdown2.o(.ARM.Collect$$libshutdown$$00000004)
    .ARM.Collect$$libshutdown$$00000006      0x080001e4   Section        0  libshutdown2.o(.ARM.Collect$$libshutdown$$00000006)
    .ARM.Collect$$libshutdown$$00000009      0x080001e4   Section        0  libshutdown2.o(.ARM.Collect$$libshutdown$$00000009)
    .ARM.Collect$$libshutdown$$0000000C      0x080001e4   Section        0  libshutdown2.o(.ARM.Collect$$libshutdown$$0000000C)
    .ARM.Collect$$libshutdown$$0000000E      0x080001e4   Section        0  libshutdown2.o(.ARM.Collect$$libshutdown$$0000000E)
    .ARM.Collect$$libshutdown$$00000011      0x080001e4   Section        0  libshutdown2.o(.ARM.Collect$$libshutdown$$00000011)
    .ARM.Collect$$libshutdown$$00000012      0x080001e4   Section        2  libshutdown2.o(.ARM.Collect$$libshutdown$$00000012)
    .ARM.Collect$$rtentry$$00000000          0x080001e6   Section        0  __rtentry.o(.ARM.Collect$$rtentry$$00000000)
    .ARM.Collect$$rtentry$$00000002          0x080001e6   Section        0  __rtentry2.o(.ARM.Collect$$rtentry$$00000002)
    .ARM.Collect$$rtentry$$00000004          0x080001e6   Section        6  __rtentry4.o(.ARM.Collect$$rtentry$$00000004)
    .ARM.Collect$$rtentry$$00000009          0x080001ec   Section        0  __rtentry2.o(.ARM.Collect$$rtentry$$00000009)
    .ARM.Collect$$rtentry$$0000000A          0x080001ec   Section        4  __rtentry2.o(.ARM.Collect$$rtentry$$0000000A)
    .ARM.Collect$$rtentry$$0000000C          0x080001f0   Section        0  __rtentry2.o(.ARM.Collect$$rtentry$$0000000C)
    .ARM.Collect$$rtentry$$0000000D          0x080001f0   Section        8  __rtentry2.o(.ARM.Collect$$rtentry$$0000000D)
    .ARM.Collect$$rtexit$$00000000           0x080001f8   Section        2  rtexit.o(.ARM.Collect$$rtexit$$00000000)
    .ARM.Collect$$rtexit$$00000002           0x080001fa   Section        0  rtexit2.o(.ARM.Collect$$rtexit$$00000002)
    .ARM.Collect$$rtexit$$00000003           0x080001fa   Section        4  rtexit2.o(.ARM.Collect$$rtexit$$00000003)
    .ARM.Collect$$rtexit$$00000004           0x080001fe   Section        6  rtexit2.o(.ARM.Collect$$rtexit$$00000004)
    .text                                    0x08000204   Section       64  startup_stm32f107xc.o(.text)
    .text                                    0x08000244   Section      238  lludivv7m.o(.text)
    .text                                    0x08000332   Section       72  llsdiv.o(.text)
    .text                                    0x0800037c   Section        0  noretval__2sprintf.o(.text)
    .text                                    0x080003a4   Section        0  __printf_wp.o(.text)
    .text                                    0x080004b2   Section       78  rt_memclr_w.o(.text)
    .text                                    0x08000500   Section        0  heapauxi.o(.text)
    .text                                    0x08000506   Section        0  _printf_fp_dec.o(.text)
    _fp_digits                               0x08000509   Thumb Code   432  _printf_fp_dec.o(.text)
    .text                                    0x08000924   Section        0  _printf_char_common.o(.text)
    _printf_input_char                       0x08000925   Thumb Code    10  _printf_char_common.o(.text)
    .text                                    0x08000954   Section        0  _sputc.o(.text)
    .text                                    0x08000960   Section        8  rt_locale_intlibspace.o(.text)
    .text                                    0x08000968   Section      138  lludiv10.o(.text)
    .text                                    0x080009f4   Section        0  _printf_fp_infnan.o(.text)
    .text                                    0x08000a74   Section        0  bigflt0.o(.text)
    .text                                    0x08000b58   Section        8  libspace.o(.text)
    .text                                    0x08000b60   Section       74  sys_stackheap_outer.o(.text)
    .text                                    0x08000baa   Section        0  exit.o(.text)
    .text                                    0x08000bbc   Section      128  strcmpv7m.o(.text)
    .text                                    0x08000c3c   Section        0  sys_exit.o(.text)
    .text                                    0x08000c48   Section        2  use_no_semi.o(.text)
    .text                                    0x08000c4a   Section        0  indicate_semi.o(.text)
    CL$$btod_d2e                             0x08000c4a   Section       62  btod.o(CL$$btod_d2e)
    CL$$btod_d2e_denorm_low                  0x08000c88   Section       70  btod.o(CL$$btod_d2e_denorm_low)
    CL$$btod_d2e_norm_op1                    0x08000cce   Section       96  btod.o(CL$$btod_d2e_norm_op1)
    CL$$btod_div_common                      0x08000d2e   Section      824  btod.o(CL$$btod_div_common)
    CL$$btod_e2e                             0x08001066   Section      220  btod.o(CL$$btod_e2e)
    CL$$btod_ediv                            0x08001142   Section       42  btod.o(CL$$btod_ediv)
    CL$$btod_emul                            0x0800116c   Section       42  btod.o(CL$$btod_emul)
    CL$$btod_mult_common                     0x08001196   Section      580  btod.o(CL$$btod_mult_common)
    i.BusFault_Handler                       0x080013da   Section        0  stm32f1xx_it.o(i.BusFault_Handler)
    i.DebugMon_Handler                       0x080013dc   Section        0  stm32f1xx_it.o(i.DebugMon_Handler)
    i.Error_Handler                          0x080013de   Section        0  main.o(i.Error_Handler)
    i.HAL_Delay                              0x080013e4   Section        0  stm32f1xx_hal.o(i.HAL_Delay)
    i.HAL_GPIO_Init                          0x08001408   Section        0  stm32f1xx_hal_gpio.o(i.HAL_GPIO_Init)
    i.HAL_GPIO_ReadPin                       0x080015d4   Section        0  stm32f1xx_hal_gpio.o(i.HAL_GPIO_ReadPin)
    i.HAL_GPIO_WritePin                      0x080015de   Section        0  stm32f1xx_hal_gpio.o(i.HAL_GPIO_WritePin)
    i.HAL_GetTick                            0x080015e8   Section        0  stm32f1xx_hal.o(i.HAL_GetTick)
    i.HAL_I2C_Init                           0x080015f4   Section        0  stm32f1xx_hal_i2c.o(i.HAL_I2C_Init)
    i.HAL_I2C_Mem_Read                       0x0800177c   Section        0  stm32f1xx_hal_i2c.o(i.HAL_I2C_Mem_Read)
    i.HAL_I2C_Mem_Write                      0x080019cc   Section        0  stm32f1xx_hal_i2c.o(i.HAL_I2C_Mem_Write)
    i.HAL_I2C_MspInit                        0x08001afc   Section        0  i2c.o(i.HAL_I2C_MspInit)
    i.HAL_IncTick                            0x08001b58   Section        0  stm32f1xx_hal.o(i.HAL_IncTick)
    i.HAL_Init                               0x08001b68   Section        0  stm32f1xx_hal.o(i.HAL_Init)
    i.HAL_InitTick                           0x08001b8c   Section        0  stm32f1xx_hal.o(i.HAL_InitTick)
    i.HAL_MspInit                            0x08001bcc   Section        0  stm32f1xx_hal_msp.o(i.HAL_MspInit)
    i.HAL_NVIC_EnableIRQ                     0x08001c08   Section        0  stm32f1xx_hal_cortex.o(i.HAL_NVIC_EnableIRQ)
    i.HAL_NVIC_SetPriority                   0x08001c24   Section        0  stm32f1xx_hal_cortex.o(i.HAL_NVIC_SetPriority)
    i.HAL_NVIC_SetPriorityGrouping           0x08001c64   Section        0  stm32f1xx_hal_cortex.o(i.HAL_NVIC_SetPriorityGrouping)
    i.HAL_RCC_ClockConfig                    0x08001c88   Section        0  stm32f1xx_hal_rcc.o(i.HAL_RCC_ClockConfig)
    i.HAL_RCC_GetPCLK1Freq                   0x08001dc0   Section        0  stm32f1xx_hal_rcc.o(i.HAL_RCC_GetPCLK1Freq)
    i.HAL_RCC_GetSysClockFreq                0x08001de0   Section        0  stm32f1xx_hal_rcc.o(i.HAL_RCC_GetSysClockFreq)
    i.HAL_RCC_OscConfig                      0x08001ea4   Section        0  stm32f1xx_hal_rcc.o(i.HAL_RCC_OscConfig)
    i.HAL_SYSTICK_Config                     0x08002278   Section        0  stm32f1xx_hal_cortex.o(i.HAL_SYSTICK_Config)
    i.HAL_TIMEx_BreakCallback                0x080022a0   Section        0  stm32f1xx_hal_tim_ex.o(i.HAL_TIMEx_BreakCallback)
    i.HAL_TIMEx_CommutCallback               0x080022a2   Section        0  stm32f1xx_hal_tim_ex.o(i.HAL_TIMEx_CommutCallback)
    i.HAL_TIMEx_MasterConfigSynchronization  0x080022a4   Section        0  stm32f1xx_hal_tim_ex.o(i.HAL_TIMEx_MasterConfigSynchronization)
    i.HAL_TIM_Base_Init                      0x08002318   Section        0  stm32f1xx_hal_tim.o(i.HAL_TIM_Base_Init)
    i.HAL_TIM_Base_MspInit                   0x08002374   Section        0  tim.o(i.HAL_TIM_Base_MspInit)
    i.HAL_TIM_IC_CaptureCallback             0x080023b0   Section        0  stm32f1xx_hal_tim.o(i.HAL_TIM_IC_CaptureCallback)
    i.HAL_TIM_IRQHandler                     0x080023b2   Section        0  stm32f1xx_hal_tim.o(i.HAL_TIM_IRQHandler)
    i.HAL_TIM_OC_DelayElapsedCallback        0x08002518   Section        0  stm32f1xx_hal_tim.o(i.HAL_TIM_OC_DelayElapsedCallback)
    i.HAL_TIM_PWM_PulseFinishedCallback      0x0800251a   Section        0  stm32f1xx_hal_tim.o(i.HAL_TIM_PWM_PulseFinishedCallback)
    i.HAL_TIM_PeriodElapsedCallback          0x0800251c   Section        0  stm32f1xx_hal_tim.o(i.HAL_TIM_PeriodElapsedCallback)
    i.HAL_TIM_TriggerCallback                0x0800251e   Section        0  stm32f1xx_hal_tim.o(i.HAL_TIM_TriggerCallback)
    i.HardFault_Handler                      0x08002520   Section        0  stm32f1xx_it.o(i.HardFault_Handler)
    i.I2C_IsAcknowledgeFailed                0x08002522   Section        0  stm32f1xx_hal_i2c.o(i.I2C_IsAcknowledgeFailed)
    I2C_IsAcknowledgeFailed                  0x08002523   Thumb Code    46  stm32f1xx_hal_i2c.o(i.I2C_IsAcknowledgeFailed)
    i.I2C_RequestMemoryRead                  0x08002550   Section        0  stm32f1xx_hal_i2c.o(i.I2C_RequestMemoryRead)
    I2C_RequestMemoryRead                    0x08002551   Thumb Code   246  stm32f1xx_hal_i2c.o(i.I2C_RequestMemoryRead)
    i.I2C_RequestMemoryWrite                 0x0800264c   Section        0  stm32f1xx_hal_i2c.o(i.I2C_RequestMemoryWrite)
    I2C_RequestMemoryWrite                   0x0800264d   Thumb Code   162  stm32f1xx_hal_i2c.o(i.I2C_RequestMemoryWrite)
    i.I2C_WaitOnBTFFlagUntilTimeout          0x080026f4   Section        0  stm32f1xx_hal_i2c.o(i.I2C_WaitOnBTFFlagUntilTimeout)
    I2C_WaitOnBTFFlagUntilTimeout            0x080026f5   Thumb Code    76  stm32f1xx_hal_i2c.o(i.I2C_WaitOnBTFFlagUntilTimeout)
    i.I2C_WaitOnFlagUntilTimeout             0x08002740   Section        0  stm32f1xx_hal_i2c.o(i.I2C_WaitOnFlagUntilTimeout)
    I2C_WaitOnFlagUntilTimeout               0x08002741   Thumb Code   104  stm32f1xx_hal_i2c.o(i.I2C_WaitOnFlagUntilTimeout)
    i.I2C_WaitOnMasterAddressFlagUntilTimeout 0x080027a8   Section        0  stm32f1xx_hal_i2c.o(i.I2C_WaitOnMasterAddressFlagUntilTimeout)
    I2C_WaitOnMasterAddressFlagUntilTimeout  0x080027a9   Thumb Code   152  stm32f1xx_hal_i2c.o(i.I2C_WaitOnMasterAddressFlagUntilTimeout)
    i.I2C_WaitOnRXNEFlagUntilTimeout         0x08002840   Section        0  stm32f1xx_hal_i2c.o(i.I2C_WaitOnRXNEFlagUntilTimeout)
    I2C_WaitOnRXNEFlagUntilTimeout           0x08002841   Thumb Code   106  stm32f1xx_hal_i2c.o(i.I2C_WaitOnRXNEFlagUntilTimeout)
    i.I2C_WaitOnTXEFlagUntilTimeout          0x080028aa   Section        0  stm32f1xx_hal_i2c.o(i.I2C_WaitOnTXEFlagUntilTimeout)
    I2C_WaitOnTXEFlagUntilTimeout            0x080028ab   Thumb Code    76  stm32f1xx_hal_i2c.o(i.I2C_WaitOnTXEFlagUntilTimeout)
    i.LCD_Clear                              0x080028f6   Section        0  lcd_hd44780_lib.o(i.LCD_Clear)
    i.LCD_GoTo                               0x080028fc   Section        0  lcd_hd44780_lib.o(i.LCD_GoTo)
    i.LCD_Initialize                         0x0800290c   Section        0  lcd_hd44780_lib.o(i.LCD_Initialize)
    i.LCD_ReadNibble                         0x080029b0   Section        0  lcd_hd44780_lib.o(i.LCD_ReadNibble)
    i.LCD_ReadStatus                         0x08002a04   Section        0  lcd_hd44780_lib.o(i.LCD_ReadStatus)
    i.LCD_SetUserChar                        0x08002a5c   Section        0  lcd_hd44780_lib.o(i.LCD_SetUserChar)
    i.LCD_WriteCommand                       0x08002a84   Section        0  lcd_hd44780_lib.o(i.LCD_WriteCommand)
    i.LCD_WriteData                          0x08002abc   Section        0  lcd_hd44780_lib.o(i.LCD_WriteData)
    i.LCD_WriteNibble                        0x08002af4   Section        0  lcd_hd44780_lib.o(i.LCD_WriteNibble)
    i.LCD_WriteText                          0x08002b48   Section        0  lcd_hd44780_lib.o(i.LCD_WriteText)
    i.LCD_WriteTextXY                        0x08002b5c   Section        0  lcd_hd44780_lib.o(i.LCD_WriteTextXY)
    i.MX_GPIO_Init                           0x08002b7c   Section        0  gpio.o(i.MX_GPIO_Init)
    i.MX_I2C1_Init                           0x08002c84   Section        0  i2c.o(i.MX_I2C1_Init)
    i.MX_TIM7_Init                           0x08002cc4   Section        0  tim.o(i.MX_TIM7_Init)
    i.MemManage_Handler                      0x08002d0c   Section        0  stm32f1xx_it.o(i.MemManage_Handler)
    i.NMI_Handler                            0x08002d0e   Section        0  stm32f1xx_it.o(i.NMI_Handler)
    i.SysTick_Handler                        0x08002d10   Section        0  stm32f1xx_it.o(i.SysTick_Handler)
    i.SystemInit                             0x08002d14   Section        0  system_stm32f1xx.o(i.SystemInit)
    i.TIM7_IRQHandler                        0x08002d18   Section        0  stm32f1xx_it.o(i.TIM7_IRQHandler)
    i.TIM_Base_SetConfig                     0x08002d24   Section        0  stm32f1xx_hal_tim.o(i.TIM_Base_SetConfig)
    i.UsageFault_Handler                     0x08002d9c   Section        0  stm32f1xx_it.o(i.UsageFault_Handler)
    i._Z18SystemClock_Configv                0x08002da0   Section        0  main.o(i._Z18SystemClock_Configv)
    i._ZN12DriverBMP28010ReadValuesERfS0_S0_ 0x08002e14   Section        0  driverbmp280.o(i._ZN12DriverBMP28010ReadValuesERfS0_S0_)
    i._ZN12DriverBMP28018CompensateHumidityEii 0x08002eb8   Section        0  driverbmp280.o(i._ZN12DriverBMP28018CompensateHumidityEii)
    i._ZN12DriverBMP28018CompensatePressureEii 0x08002f20   Section        0  driverbmp280.o(i._ZN12DriverBMP28018CompensatePressureEii)
    i._ZN12DriverBMP28021CompensateTemperatureEiRi 0x08003074   Section        0  driverbmp280.o(i._ZN12DriverBMP28021CompensateTemperatureEiRi)
    i._ZN12DriverBMP28026ReadAndSaveCalibrationDataEv 0x080030a4   Section        0  driverbmp280.o(i._ZN12DriverBMP28026ReadAndSaveCalibrationDataEv)
    i._ZN12DriverBMP2804InitEv               0x080031f0   Section        0  driverbmp280.o(i._ZN12DriverBMP2804InitEv)
    i._ZN12DriverBMP2808ReadDataEhPhj        0x08003250   Section        0  driverbmp280.o(i._ZN12DriverBMP2808ReadDataEhPhj)
    i._ZN12DriverBMP2809WriteDataEhhj        0x08003276   Section        0  driverbmp280.o(i._ZN12DriverBMP2809WriteDataEhhj)
    i._ZN12DriverBMP280C1EP17I2C_HandleTypeDeft 0x080032a0   Section        0  driverbmp280.o(i._ZN12DriverBMP280C1EP17I2C_HandleTypeDeft)
    i.__ARM_fpclassify                       0x080032ae   Section        0  fpclassify.o(i.__ARM_fpclassify)
    i.__NVIC_SetPriority                     0x080032d6   Section        0  stm32f1xx_hal_cortex.o(i.__NVIC_SetPriority)
    __NVIC_SetPriority                       0x080032d7   Thumb Code    32  stm32f1xx_hal_cortex.o(i.__NVIC_SetPriority)
    i._is_digit                              0x080032f6   Section        0  __printf_wp.o(i._is_digit)
    i.main                                   0x08003304   Section        0  main.o(i.main)
    locale$$code                             0x080034bc   Section       44  lc_numeric_c.o(locale$$code)
    x$fpl$d2f                                0x080034e8   Section       98  d2f.o(x$fpl$d2f)
    x$fpl$dcheck1                            0x0800354c   Section       16  dcheck1.o(x$fpl$dcheck1)
    x$fpl$dfltu                              0x0800355c   Section       38  dflt_clz.o(x$fpl$dfltu)
    x$fpl$dnaninf                            0x08003582   Section      156  dnaninf.o(x$fpl$dnaninf)
    x$fpl$dretinf                            0x0800361e   Section       12  dretinf.o(x$fpl$dretinf)
    x$fpl$f2d                                0x0800362c   Section       86  f2d.o(x$fpl$f2d)
    x$fpl$fdiv                               0x08003684   Section      388  fdiv.o(x$fpl$fdiv)
    _fdiv1                                   0x08003685   Thumb Code     0  fdiv.o(x$fpl$fdiv)
    x$fpl$fflt                               0x08003808   Section       48  fflt_clz.o(x$fpl$fflt)
    x$fpl$fnaninf                            0x08003838   Section      140  fnaninf.o(x$fpl$fnaninf)
    x$fpl$fretinf                            0x080038c4   Section       10  fretinf.o(x$fpl$fretinf)
    x$fpl$printf1                            0x080038ce   Section        4  printf1.o(x$fpl$printf1)
    x$fpl$retnan                             0x080038d2   Section      100  retnan.o(x$fpl$retnan)
    x$fpl$scalbn                             0x08003936   Section       92  scalbn.o(x$fpl$scalbn)
    x$fpl$trapveneer                         0x08003992   Section       48  trapv.o(x$fpl$trapveneer)
    .constdata                               0x080039c2   Section       16  system_stm32f1xx.o(.constdata)
    x$fpl$usenofp                            0x080039c2   Section        0  usenofp.o(x$fpl$usenofp)
    .constdata                               0x080039d2   Section        8  system_stm32f1xx.o(.constdata)
    .constdata                               0x080039dc   Section      148  bigflt0.o(.constdata)
    tenpwrs_x                                0x080039dc   Data          60  bigflt0.o(.constdata)
    tenpwrs_i                                0x08003a18   Data          64  bigflt0.o(.constdata)
    locale$$data                             0x08003a90   Section       28  lc_numeric_c.o(locale$$data)
    __lcnum_c_name                           0x08003a94   Data           2  lc_numeric_c.o(locale$$data)
    __lcnum_c_start                          0x08003a9c   Data           0  lc_numeric_c.o(locale$$data)
    __lcnum_c_point                          0x08003aa8   Data           0  lc_numeric_c.o(locale$$data)
    __lcnum_c_thousands                      0x08003aaa   Data           0  lc_numeric_c.o(locale$$data)
    __lcnum_c_grouping                       0x08003aab   Data           0  lc_numeric_c.o(locale$$data)
    __lcnum_c_end                            0x08003aac   Data           0  lc_numeric_c.o(locale$$data)
    .data                                    0x20000000   Section       12  main.o(.data)
    .data                                    0x2000000c   Section        4  system_stm32f1xx.o(.data)
    .data                                    0x20000010   Section       12  stm32f1xx_hal.o(.data)
    .bss                                     0x2000001c   Section      256  main.o(.bss)
    .bss                                     0x2000011c   Section       84  i2c.o(.bss)
    .bss                                     0x20000170   Section       72  tim.o(.bss)
    .bss                                     0x200001b8   Section       16  lcd_hd44780_lib.o(.bss)
    .bss                                     0x200001c8   Section       96  libspace.o(.bss)
    HEAP                                     0x20000228   Section      512  startup_stm32f107xc.o(HEAP)
    Heap_Mem                                 0x20000228   Data         512  startup_stm32f107xc.o(HEAP)
    STACK                                    0x20000428   Section     1024  startup_stm32f107xc.o(STACK)
    Stack_Mem                                0x20000428   Data        1024  startup_stm32f107xc.o(STACK)
    __initial_sp                             0x20000828   Data           0  startup_stm32f107xc.o(STACK)

    Global Symbols

    Symbol Name                              Value     Ov Type        Size  Object(Section)

    BuildAttributes$$THM_ISAv4$P$D$K$B$S$PE$A:L22UL41UL21$X:L11$S22US41US21$IEEE1$IW$USESV6$~STKCKD$USESV7$~SHL$OTIME$ROPI$IEEEJ$EBA8$UX$STANDARDLIB$REQ8$PRES8$EABIv2 0x00000000   Number         0  anon$$obj.o ABSOLUTE
    __ARM_use_no_argv                        0x00000000   Number         0  main.o ABSOLUTE
    _printf_flags                            0x00000000   Number         0  printf_stubs.o ABSOLUTE
    _printf_return_value                     0x00000000   Number         0  printf_stubs.o ABSOLUTE
    _printf_sizespec                         0x00000000   Number         0  printf_stubs.o ABSOLUTE
    _printf_widthprec                        0x00000000   Number         0  printf_stubs.o ABSOLUTE
    __ARM_exceptions_init                     - Undefined Weak Reference
    __alloca_initialize                       - Undefined Weak Reference
    __arm_fini_                               - Undefined Weak Reference
    __arm_preinit_                            - Undefined Weak Reference
    __cpp_initialize__aeabi_                  - Undefined Weak Reference
    __cxa_finalize                            - Undefined Weak Reference
    __sigvec_lookup                           - Undefined Weak Reference
    _atexit_init                              - Undefined Weak Reference
    _call_atexit_fns                          - Undefined Weak Reference
    _clock_init                               - Undefined Weak Reference
    _fp_trap_init                             - Undefined Weak Reference
    _fp_trap_shutdown                         - Undefined Weak Reference
    _get_lc_collate                           - Undefined Weak Reference
    _get_lc_ctype                             - Undefined Weak Reference
    _get_lc_monetary                          - Undefined Weak Reference
    _get_lc_time                              - Undefined Weak Reference
    _getenv_init                              - Undefined Weak Reference
    _handle_redirection                       - Undefined Weak Reference
    _init_alloc                               - Undefined Weak Reference
    _init_user_alloc                          - Undefined Weak Reference
    _initio                                   - Undefined Weak Reference
    _printf_post_padding                      - Undefined Weak Reference
    _printf_pre_padding                       - Undefined Weak Reference
    _rand_init                                - Undefined Weak Reference
    _signal_finish                            - Undefined Weak Reference
    _signal_init                              - Undefined Weak Reference
    _terminate_alloc                          - Undefined Weak Reference
    _terminate_user_alloc                     - Undefined Weak Reference
    _terminateio                              - Undefined Weak Reference
    __Vectors_Size                           0x00000150   Number         0  startup_stm32f107xc.o ABSOLUTE
    __Vectors                                0x08000000   Data           4  startup_stm32f107xc.o(RESET)
    __Vectors_End                            0x08000150   Data           0  startup_stm32f107xc.o(RESET)
    __main                                   0x08000151   Thumb Code     8  __main.o(!!!main)
    __scatterload                            0x08000159   Thumb Code     0  __scatter.o(!!!scatter)
    __scatterload_rt2                        0x08000159   Thumb Code    44  __scatter.o(!!!scatter)
    __scatterload_rt2_thumb_only             0x08000159   Thumb Code     0  __scatter.o(!!!scatter)
    __scatterload_null                       0x08000167   Thumb Code     0  __scatter.o(!!!scatter)
    __scatterload_copy                       0x0800018d   Thumb Code    26  __scatter_copy.o(!!handler_copy)
    __scatterload_zeroinit                   0x080001a9   Thumb Code    28  __scatter_zi.o(!!handler_zi)
    _printf_f                                0x080001c5   Thumb Code     0  _printf_f.o(.ARM.Collect$$_printf_percent$$00000003)
    _printf_percent                          0x080001c5   Thumb Code     0  _printf_percent.o(.ARM.Collect$$_printf_percent$$00000000)
    _printf_percent_end                      0x080001cb   Thumb Code     0  _printf_percent_end.o(.ARM.Collect$$_printf_percent$$00000017)
    __rt_lib_init                            0x080001cf   Thumb Code     0  libinit.o(.ARM.Collect$$libinit$$00000000)
    __rt_lib_init_fp_1                       0x080001d1   Thumb Code     0  libinit2.o(.ARM.Collect$$libinit$$00000002)
    __rt_lib_init_heap_1                     0x080001d1   Thumb Code     0  libinit2.o(.ARM.Collect$$libinit$$0000000A)
    __rt_lib_init_lc_common                  0x080001d1   Thumb Code     0  libinit2.o(.ARM.Collect$$libinit$$0000000F)
    __rt_lib_init_preinit_1                  0x080001d1   Thumb Code     0  libinit2.o(.ARM.Collect$$libinit$$00000004)
    __rt_lib_init_rand_1                     0x080001d1   Thumb Code     0  libinit2.o(.ARM.Collect$$libinit$$0000000E)
    __rt_lib_init_user_alloc_1               0x080001d1   Thumb Code     0  libinit2.o(.ARM.Collect$$libinit$$0000000C)
    __rt_lib_init_lc_collate_1               0x080001d7   Thumb Code     0  libinit2.o(.ARM.Collect$$libinit$$00000011)
    __rt_lib_init_lc_ctype_1                 0x080001d7   Thumb Code     0  libinit2.o(.ARM.Collect$$libinit$$00000013)
    __rt_lib_init_lc_monetary_1              0x080001d7   Thumb Code     0  libinit2.o(.ARM.Collect$$libinit$$00000015)
    __rt_lib_init_lc_numeric_2               0x080001d7   Thumb Code     0  libinit2.o(.ARM.Collect$$libinit$$00000016)
    __rt_lib_init_alloca_1                   0x080001e1   Thumb Code     0  libinit2.o(.ARM.Collect$$libinit$$0000002E)
    __rt_lib_init_argv_1                     0x080001e1   Thumb Code     0  libinit2.o(.ARM.Collect$$libinit$$0000002C)
    __rt_lib_init_atexit_1                   0x080001e1   Thumb Code     0  libinit2.o(.ARM.Collect$$libinit$$0000001B)
    __rt_lib_init_clock_1                    0x080001e1   Thumb Code     0  libinit2.o(.ARM.Collect$$libinit$$00000021)
    __rt_lib_init_cpp_1                      0x080001e1   Thumb Code     0  libinit2.o(.ARM.Collect$$libinit$$00000032)
    __rt_lib_init_exceptions_1               0x080001e1   Thumb Code     0  libinit2.o(.ARM.Collect$$libinit$$00000030)
    __rt_lib_init_fp_trap_1                  0x080001e1   Thumb Code     0  libinit2.o(.ARM.Collect$$libinit$$0000001F)
    __rt_lib_init_getenv_1                   0x080001e1   Thumb Code     0  libinit2.o(.ARM.Collect$$libinit$$00000023)
    __rt_lib_init_lc_numeric_1               0x080001e1   Thumb Code     0  libinit2.o(.ARM.Collect$$libinit$$00000017)
    __rt_lib_init_lc_time_1                  0x080001e1   Thumb Code     0  libinit2.o(.ARM.Collect$$libinit$$00000019)
    __rt_lib_init_return                     0x080001e1   Thumb Code     0  libinit2.o(.ARM.Collect$$libinit$$00000033)
    __rt_lib_init_signal_1                   0x080001e1   Thumb Code     0  libinit2.o(.ARM.Collect$$libinit$$0000001D)
    __rt_lib_init_stdio_1                    0x080001e1   Thumb Code     0  libinit2.o(.ARM.Collect$$libinit$$00000025)
    __rt_lib_shutdown                        0x080001e3   Thumb Code     0  libshutdown.o(.ARM.Collect$$libshutdown$$00000000)
    __rt_lib_shutdown_cpp_1                  0x080001e5   Thumb Code     0  libshutdown2.o(.ARM.Collect$$libshutdown$$00000004)
    __rt_lib_shutdown_fini_1                 0x080001e5   Thumb Code     0  libshutdown2.o(.ARM.Collect$$libshutdown$$00000002)
    __rt_lib_shutdown_fp_trap_1              0x080001e5   Thumb Code     0  libshutdown2.o(.ARM.Collect$$libshutdown$$00000009)
    __rt_lib_shutdown_heap_1                 0x080001e5   Thumb Code     0  libshutdown2.o(.ARM.Collect$$libshutdown$$00000011)
    __rt_lib_shutdown_return                 0x080001e5   Thumb Code     0  libshutdown2.o(.ARM.Collect$$libshutdown$$00000012)
    __rt_lib_shutdown_signal_1               0x080001e5   Thumb Code     0  libshutdown2.o(.ARM.Collect$$libshutdown$$0000000C)
    __rt_lib_shutdown_stdio_1                0x080001e5   Thumb Code     0  libshutdown2.o(.ARM.Collect$$libshutdown$$00000006)
    __rt_lib_shutdown_user_alloc_1           0x080001e5   Thumb Code     0  libshutdown2.o(.ARM.Collect$$libshutdown$$0000000E)
    __rt_entry                               0x080001e7   Thumb Code     0  __rtentry.o(.ARM.Collect$$rtentry$$00000000)
    __rt_entry_presh_1                       0x080001e7   Thumb Code     0  __rtentry2.o(.ARM.Collect$$rtentry$$00000002)
    __rt_entry_sh                            0x080001e7   Thumb Code     0  __rtentry4.o(.ARM.Collect$$rtentry$$00000004)
    __rt_entry_li                            0x080001ed   Thumb Code     0  __rtentry2.o(.ARM.Collect$$rtentry$$0000000A)
    __rt_entry_postsh_1                      0x080001ed   Thumb Code     0  __rtentry2.o(.ARM.Collect$$rtentry$$00000009)
    __rt_entry_main                          0x080001f1   Thumb Code     0  __rtentry2.o(.ARM.Collect$$rtentry$$0000000D)
    __rt_entry_postli_1                      0x080001f1   Thumb Code     0  __rtentry2.o(.ARM.Collect$$rtentry$$0000000C)
    __rt_exit                                0x080001f9   Thumb Code     0  rtexit.o(.ARM.Collect$$rtexit$$00000000)
    __rt_exit_ls                             0x080001fb   Thumb Code     0  rtexit2.o(.ARM.Collect$$rtexit$$00000003)
    __rt_exit_prels_1                        0x080001fb   Thumb Code     0  rtexit2.o(.ARM.Collect$$rtexit$$00000002)
    __rt_exit_exit                           0x080001ff   Thumb Code     0  rtexit2.o(.ARM.Collect$$rtexit$$00000004)
    Reset_Handler                            0x08000205   Thumb Code     8  startup_stm32f107xc.o(.text)
    SVC_Handler                              0x08000217   Thumb Code     2  startup_stm32f107xc.o(.text)
    PendSV_Handler                           0x0800021b   Thumb Code     2  startup_stm32f107xc.o(.text)
    ADC1_2_IRQHandler                        0x0800021f   Thumb Code     0  startup_stm32f107xc.o(.text)
    CAN1_RX0_IRQHandler                      0x0800021f   Thumb Code     0  startup_stm32f107xc.o(.text)
    CAN1_RX1_IRQHandler                      0x0800021f   Thumb Code     0  startup_stm32f107xc.o(.text)
    CAN1_SCE_IRQHandler                      0x0800021f   Thumb Code     0  startup_stm32f107xc.o(.text)
    CAN1_TX_IRQHandler                       0x0800021f   Thumb Code     0  startup_stm32f107xc.o(.text)
    CAN2_RX0_IRQHandler                      0x0800021f   Thumb Code     0  startup_stm32f107xc.o(.text)
    CAN2_RX1_IRQHandler                      0x0800021f   Thumb Code     0  startup_stm32f107xc.o(.text)
    CAN2_SCE_IRQHandler                      0x0800021f   Thumb Code     0  startup_stm32f107xc.o(.text)
    CAN2_TX_IRQHandler                       0x0800021f   Thumb Code     0  startup_stm32f107xc.o(.text)
    DMA1_Channel1_IRQHandler                 0x0800021f   Thumb Code     0  startup_stm32f107xc.o(.text)
    DMA1_Channel2_IRQHandler                 0x0800021f   Thumb Code     0  startup_stm32f107xc.o(.text)
    DMA1_Channel3_IRQHandler                 0x0800021f   Thumb Code     0  startup_stm32f107xc.o(.text)
    DMA1_Channel4_IRQHandler                 0x0800021f   Thumb Code     0  startup_stm32f107xc.o(.text)
    DMA1_Channel5_IRQHandler                 0x0800021f   Thumb Code     0  startup_stm32f107xc.o(.text)
    DMA1_Channel6_IRQHandler                 0x0800021f   Thumb Code     0  startup_stm32f107xc.o(.text)
    DMA1_Channel7_IRQHandler                 0x0800021f   Thumb Code     0  startup_stm32f107xc.o(.text)
    DMA2_Channel1_IRQHandler                 0x0800021f   Thumb Code     0  startup_stm32f107xc.o(.text)
    DMA2_Channel2_IRQHandler                 0x0800021f   Thumb Code     0  startup_stm32f107xc.o(.text)
    DMA2_Channel3_IRQHandler                 0x0800021f   Thumb Code     0  startup_stm32f107xc.o(.text)
    DMA2_Channel4_IRQHandler                 0x0800021f   Thumb Code     0  startup_stm32f107xc.o(.text)
    DMA2_Channel5_IRQHandler                 0x0800021f   Thumb Code     0  startup_stm32f107xc.o(.text)
    ETH_IRQHandler                           0x0800021f   Thumb Code     0  startup_stm32f107xc.o(.text)
    ETH_WKUP_IRQHandler                      0x0800021f   Thumb Code     0  startup_stm32f107xc.o(.text)
    EXTI0_IRQHandler                         0x0800021f   Thumb Code     0  startup_stm32f107xc.o(.text)
    EXTI15_10_IRQHandler                     0x0800021f   Thumb Code     0  startup_stm32f107xc.o(.text)
    EXTI1_IRQHandler                         0x0800021f   Thumb Code     0  startup_stm32f107xc.o(.text)
    EXTI2_IRQHandler                         0x0800021f   Thumb Code     0  startup_stm32f107xc.o(.text)
    EXTI3_IRQHandler                         0x0800021f   Thumb Code     0  startup_stm32f107xc.o(.text)
    EXTI4_IRQHandler                         0x0800021f   Thumb Code     0  startup_stm32f107xc.o(.text)
    EXTI9_5_IRQHandler                       0x0800021f   Thumb Code     0  startup_stm32f107xc.o(.text)
    FLASH_IRQHandler                         0x0800021f   Thumb Code     0  startup_stm32f107xc.o(.text)
    I2C1_ER_IRQHandler                       0x0800021f   Thumb Code     0  startup_stm32f107xc.o(.text)
    I2C1_EV_IRQHandler                       0x0800021f   Thumb Code     0  startup_stm32f107xc.o(.text)
    I2C2_ER_IRQHandler                       0x0800021f   Thumb Code     0  startup_stm32f107xc.o(.text)
    I2C2_EV_IRQHandler                       0x0800021f   Thumb Code     0  startup_stm32f107xc.o(.text)
    OTG_FS_IRQHandler                        0x0800021f   Thumb Code     0  startup_stm32f107xc.o(.text)
    OTG_FS_WKUP_IRQHandler                   0x0800021f   Thumb Code     0  startup_stm32f107xc.o(.text)
    PVD_IRQHandler                           0x0800021f   Thumb Code     0  startup_stm32f107xc.o(.text)
    RCC_IRQHandler                           0x0800021f   Thumb Code     0  startup_stm32f107xc.o(.text)
    RTC_Alarm_IRQHandler                     0x0800021f   Thumb Code     0  startup_stm32f107xc.o(.text)
    RTC_IRQHandler                           0x0800021f   Thumb Code     0  startup_stm32f107xc.o(.text)
    SPI1_IRQHandler                          0x0800021f   Thumb Code     0  startup_stm32f107xc.o(.text)
    SPI2_IRQHandler                          0x0800021f   Thumb Code     0  startup_stm32f107xc.o(.text)
    SPI3_IRQHandler                          0x0800021f   Thumb Code     0  startup_stm32f107xc.o(.text)
    TAMPER_IRQHandler                        0x0800021f   Thumb Code     0  startup_stm32f107xc.o(.text)
    TIM1_BRK_IRQHandler                      0x0800021f   Thumb Code     0  startup_stm32f107xc.o(.text)
    TIM1_CC_IRQHandler                       0x0800021f   Thumb Code     0  startup_stm32f107xc.o(.text)
    TIM1_TRG_COM_IRQHandler                  0x0800021f   Thumb Code     0  startup_stm32f107xc.o(.text)
    TIM1_UP_IRQHandler                       0x0800021f   Thumb Code     0  startup_stm32f107xc.o(.text)
    TIM2_IRQHandler                          0x0800021f   Thumb Code     0  startup_stm32f107xc.o(.text)
    TIM3_IRQHandler                          0x0800021f   Thumb Code     0  startup_stm32f107xc.o(.text)
    TIM4_IRQHandler                          0x0800021f   Thumb Code     0  startup_stm32f107xc.o(.text)
    TIM5_IRQHandler                          0x0800021f   Thumb Code     0  startup_stm32f107xc.o(.text)
    TIM6_IRQHandler                          0x0800021f   Thumb Code     0  startup_stm32f107xc.o(.text)
    UART4_IRQHandler                         0x0800021f   Thumb Code     0  startup_stm32f107xc.o(.text)
    UART5_IRQHandler                         0x0800021f   Thumb Code     0  startup_stm32f107xc.o(.text)
    USART1_IRQHandler                        0x0800021f   Thumb Code     0  startup_stm32f107xc.o(.text)
    USART2_IRQHandler                        0x0800021f   Thumb Code     0  startup_stm32f107xc.o(.text)
    USART3_IRQHandler                        0x0800021f   Thumb Code     0  startup_stm32f107xc.o(.text)
    WWDG_IRQHandler                          0x0800021f   Thumb Code     0  startup_stm32f107xc.o(.text)
    __user_initial_stackheap                 0x08000221   Thumb Code     0  startup_stm32f107xc.o(.text)
    __aeabi_uldivmod                         0x08000245   Thumb Code     0  lludivv7m.o(.text)
    _ll_udiv                                 0x08000245   Thumb Code   238  lludivv7m.o(.text)
    __aeabi_ldivmod                          0x08000333   Thumb Code     0  llsdiv.o(.text)
    _ll_sdiv                                 0x08000333   Thumb Code    72  llsdiv.o(.text)
    __2sprintf                               0x0800037d   Thumb Code    34  noretval__2sprintf.o(.text)
    __printf                                 0x080003a5   Thumb Code   270  __printf_wp.o(.text)
    __aeabi_memclr4                          0x080004b3   Thumb Code     0  rt_memclr_w.o(.text)
    __aeabi_memclr8                          0x080004b3   Thumb Code     0  rt_memclr_w.o(.text)
    __rt_memclr_w                            0x080004b3   Thumb Code    78  rt_memclr_w.o(.text)
    _memset_w                                0x080004b7   Thumb Code     0  rt_memclr_w.o(.text)
    __use_two_region_memory                  0x08000501   Thumb Code     2  heapauxi.o(.text)
    __rt_heap_escrow$2region                 0x08000503   Thumb Code     2  heapauxi.o(.text)
    __rt_heap_expand$2region                 0x08000505   Thumb Code     2  heapauxi.o(.text)
    __lib_sel_fp_printf                      0x08000507   Thumb Code     2  _printf_fp_dec.o(.text)
    _printf_fp_dec_real                      0x080006b9   Thumb Code   620  _printf_fp_dec.o(.text)
    _printf_char_common                      0x0800092f   Thumb Code    32  _printf_char_common.o(.text)
    _sputc                                   0x08000955   Thumb Code    10  _sputc.o(.text)
    __rt_locale                              0x08000961   Thumb Code     8  rt_locale_intlibspace.o(.text)
    _ll_udiv10                               0x08000969   Thumb Code   138  lludiv10.o(.text)
    _printf_fp_infnan                        0x080009f5   Thumb Code   112  _printf_fp_infnan.o(.text)
    _btod_etento                             0x08000a75   Thumb Code   224  bigflt0.o(.text)
    __user_libspace                          0x08000b59   Thumb Code     8  libspace.o(.text)
    __user_perproc_libspace                  0x08000b59   Thumb Code     0  libspace.o(.text)
    __user_perthread_libspace                0x08000b59   Thumb Code     0  libspace.o(.text)
    __user_setup_stackheap                   0x08000b61   Thumb Code    74  sys_stackheap_outer.o(.text)
    exit                                     0x08000bab   Thumb Code    18  exit.o(.text)
    strcmp                                   0x08000bbd   Thumb Code   128  strcmpv7m.o(.text)
    _sys_exit                                0x08000c3d   Thumb Code     8  sys_exit.o(.text)
    __I$use$semihosting                      0x08000c49   Thumb Code     0  use_no_semi.o(.text)
    __use_no_semihosting_swi                 0x08000c49   Thumb Code     2  use_no_semi.o(.text)
    __semihosting_library_function           0x08000c4b   Thumb Code     0  indicate_semi.o(.text)
    _btod_d2e                                0x08000c4b   Thumb Code    62  btod.o(CL$$btod_d2e)
    _d2e_denorm_low                          0x08000c89   Thumb Code    70  btod.o(CL$$btod_d2e_denorm_low)
    _d2e_norm_op1                            0x08000ccf   Thumb Code    96  btod.o(CL$$btod_d2e_norm_op1)
    __btod_div_common                        0x08000d2f   Thumb Code   696  btod.o(CL$$btod_div_common)
    _e2e                                     0x08001067   Thumb Code   220  btod.o(CL$$btod_e2e)
    _btod_ediv                               0x08001143   Thumb Code    42  btod.o(CL$$btod_ediv)
    _btod_emul                               0x0800116d   Thumb Code    42  btod.o(CL$$btod_emul)
    __btod_mult_common                       0x08001197   Thumb Code   580  btod.o(CL$$btod_mult_common)
    BusFault_Handler                         0x080013db   Thumb Code     2  stm32f1xx_it.o(i.BusFault_Handler)
    DebugMon_Handler                         0x080013dd   Thumb Code     2  stm32f1xx_it.o(i.DebugMon_Handler)
    Error_Handler                            0x080013df   Thumb Code     4  main.o(i.Error_Handler)
    HAL_Delay                                0x080013e5   Thumb Code    32  stm32f1xx_hal.o(i.HAL_Delay)
    HAL_GPIO_Init                            0x08001409   Thumb Code   426  stm32f1xx_hal_gpio.o(i.HAL_GPIO_Init)
    HAL_GPIO_ReadPin                         0x080015d5   Thumb Code    10  stm32f1xx_hal_gpio.o(i.HAL_GPIO_ReadPin)
    HAL_GPIO_WritePin                        0x080015df   Thumb Code    10  stm32f1xx_hal_gpio.o(i.HAL_GPIO_WritePin)
    HAL_GetTick                              0x080015e9   Thumb Code     6  stm32f1xx_hal.o(i.HAL_GetTick)
    HAL_I2C_Init                             0x080015f5   Thumb Code   376  stm32f1xx_hal_i2c.o(i.HAL_I2C_Init)
    HAL_I2C_Mem_Read                         0x0800177d   Thumb Code   574  stm32f1xx_hal_i2c.o(i.HAL_I2C_Mem_Read)
    HAL_I2C_Mem_Write                        0x080019cd   Thumb Code   294  stm32f1xx_hal_i2c.o(i.HAL_I2C_Mem_Write)
    HAL_I2C_MspInit                          0x08001afd   Thumb Code    80  i2c.o(i.HAL_I2C_MspInit)
    HAL_IncTick                              0x08001b59   Thumb Code    12  stm32f1xx_hal.o(i.HAL_IncTick)
    HAL_Init                                 0x08001b69   Thumb Code    32  stm32f1xx_hal.o(i.HAL_Init)
    HAL_InitTick                             0x08001b8d   Thumb Code    54  stm32f1xx_hal.o(i.HAL_InitTick)
    HAL_MspInit                              0x08001bcd   Thumb Code    52  stm32f1xx_hal_msp.o(i.HAL_MspInit)
    HAL_NVIC_EnableIRQ                       0x08001c09   Thumb Code    26  stm32f1xx_hal_cortex.o(i.HAL_NVIC_EnableIRQ)
    HAL_NVIC_SetPriority                     0x08001c25   Thumb Code    60  stm32f1xx_hal_cortex.o(i.HAL_NVIC_SetPriority)
    HAL_NVIC_SetPriorityGrouping             0x08001c65   Thumb Code    26  stm32f1xx_hal_cortex.o(i.HAL_NVIC_SetPriorityGrouping)
    HAL_RCC_ClockConfig                      0x08001c89   Thumb Code   292  stm32f1xx_hal_rcc.o(i.HAL_RCC_ClockConfig)
    HAL_RCC_GetPCLK1Freq                     0x08001dc1   Thumb Code    20  stm32f1xx_hal_rcc.o(i.HAL_RCC_GetPCLK1Freq)
    HAL_RCC_GetSysClockFreq                  0x08001de1   Thumb Code   148  stm32f1xx_hal_rcc.o(i.HAL_RCC_GetSysClockFreq)
    HAL_RCC_OscConfig                        0x08001ea5   Thumb Code   960  stm32f1xx_hal_rcc.o(i.HAL_RCC_OscConfig)
    HAL_SYSTICK_Config                       0x08002279   Thumb Code    40  stm32f1xx_hal_cortex.o(i.HAL_SYSTICK_Config)
    HAL_TIMEx_BreakCallback                  0x080022a1   Thumb Code     2  stm32f1xx_hal_tim_ex.o(i.HAL_TIMEx_BreakCallback)
    HAL_TIMEx_CommutCallback                 0x080022a3   Thumb Code     2  stm32f1xx_hal_tim_ex.o(i.HAL_TIMEx_CommutCallback)
    HAL_TIMEx_MasterConfigSynchronization    0x080022a5   Thumb Code    98  stm32f1xx_hal_tim_ex.o(i.HAL_TIMEx_MasterConfigSynchronization)
    HAL_TIM_Base_Init                        0x08002319   Thumb Code    90  stm32f1xx_hal_tim.o(i.HAL_TIM_Base_Init)
    HAL_TIM_Base_MspInit                     0x08002375   Thumb Code    50  tim.o(i.HAL_TIM_Base_MspInit)
    HAL_TIM_IC_CaptureCallback               0x080023b1   Thumb Code     2  stm32f1xx_hal_tim.o(i.HAL_TIM_IC_CaptureCallback)
    HAL_TIM_IRQHandler                       0x080023b3   Thumb Code   358  stm32f1xx_hal_tim.o(i.HAL_TIM_IRQHandler)
    HAL_TIM_OC_DelayElapsedCallback          0x08002519   Thumb Code     2  stm32f1xx_hal_tim.o(i.HAL_TIM_OC_DelayElapsedCallback)
    HAL_TIM_PWM_PulseFinishedCallback        0x0800251b   Thumb Code     2  stm32f1xx_hal_tim.o(i.HAL_TIM_PWM_PulseFinishedCallback)
    HAL_TIM_PeriodElapsedCallback            0x0800251d   Thumb Code     2  stm32f1xx_hal_tim.o(i.HAL_TIM_PeriodElapsedCallback)
    HAL_TIM_TriggerCallback                  0x0800251f   Thumb Code     2  stm32f1xx_hal_tim.o(i.HAL_TIM_TriggerCallback)
    HardFault_Handler                        0x08002521   Thumb Code     2  stm32f1xx_it.o(i.HardFault_Handler)
    LCD_Clear                                0x080028f7   Thumb Code     6  lcd_hd44780_lib.o(i.LCD_Clear)
    LCD_GoTo                                 0x080028fd   Thumb Code    14  lcd_hd44780_lib.o(i.LCD_GoTo)
    LCD_Initialize                           0x0800290d   Thumb Code   154  lcd_hd44780_lib.o(i.LCD_Initialize)
    LCD_ReadNibble                           0x080029b1   Thumb Code    78  lcd_hd44780_lib.o(i.LCD_ReadNibble)
    LCD_ReadStatus                           0x08002a05   Thumb Code    80  lcd_hd44780_lib.o(i.LCD_ReadStatus)
    LCD_SetUserChar                          0x08002a5d   Thumb Code    40  lcd_hd44780_lib.o(i.LCD_SetUserChar)
    LCD_WriteCommand                         0x08002a85   Thumb Code    52  lcd_hd44780_lib.o(i.LCD_WriteCommand)
    LCD_WriteData                            0x08002abd   Thumb Code    52  lcd_hd44780_lib.o(i.LCD_WriteData)
    LCD_WriteNibble                          0x08002af5   Thumb Code    80  lcd_hd44780_lib.o(i.LCD_WriteNibble)
    LCD_WriteText                            0x08002b49   Thumb Code    20  lcd_hd44780_lib.o(i.LCD_WriteText)
    LCD_WriteTextXY                          0x08002b5d   Thumb Code    30  lcd_hd44780_lib.o(i.LCD_WriteTextXY)
    MX_GPIO_Init                             0x08002b7d   Thumb Code   242  gpio.o(i.MX_GPIO_Init)
    MX_I2C1_Init                             0x08002c85   Thumb Code    50  i2c.o(i.MX_I2C1_Init)
    MX_TIM7_Init                             0x08002cc5   Thumb Code    62  tim.o(i.MX_TIM7_Init)
    MemManage_Handler                        0x08002d0d   Thumb Code     2  stm32f1xx_it.o(i.MemManage_Handler)
    NMI_Handler                              0x08002d0f   Thumb Code     2  stm32f1xx_it.o(i.NMI_Handler)
    SysTick_Handler                          0x08002d11   Thumb Code     4  stm32f1xx_it.o(i.SysTick_Handler)
    SystemInit                               0x08002d15   Thumb Code     2  system_stm32f1xx.o(i.SystemInit)
    TIM7_IRQHandler                          0x08002d19   Thumb Code     6  stm32f1xx_it.o(i.TIM7_IRQHandler)
    TIM_Base_SetConfig                       0x08002d25   Thumb Code   104  stm32f1xx_hal_tim.o(i.TIM_Base_SetConfig)
    UsageFault_Handler                       0x08002d9d   Thumb Code     2  stm32f1xx_it.o(i.UsageFault_Handler)
    SystemClock_Config()                     0x08002da1   Thumb Code   112  main.o(i._Z18SystemClock_Configv)
    DriverBMP280::ReadValues(float&, float&, float&) 0x08002e15   Thumb Code   160  driverbmp280.o(i._ZN12DriverBMP28010ReadValuesERfS0_S0_)
    DriverBMP280::CompensateHumidity(int, int) 0x08002eb9   Thumb Code   104  driverbmp280.o(i._ZN12DriverBMP28018CompensateHumidityEii)
    DriverBMP280::CompensatePressure(int, int) 0x08002f21   Thumb Code   336  driverbmp280.o(i._ZN12DriverBMP28018CompensatePressureEii)
    DriverBMP280::CompensateTemperature(int, int&) 0x08003075   Thumb Code    48  driverbmp280.o(i._ZN12DriverBMP28021CompensateTemperatureEiRi)
    DriverBMP280::ReadAndSaveCalibrationData() 0x080030a5   Thumb Code   332  driverbmp280.o(i._ZN12DriverBMP28026ReadAndSaveCalibrationDataEv)
    DriverBMP280::Init()                     0x080031f1   Thumb Code    96  driverbmp280.o(i._ZN12DriverBMP2804InitEv)
    DriverBMP280::ReadData(unsigned char, unsigned char*, unsigned) 0x08003251   Thumb Code    38  driverbmp280.o(i._ZN12DriverBMP2808ReadDataEhPhj)
    DriverBMP280::WriteData(unsigned char, unsigned char, unsigned) 0x08003277   Thumb Code    42  driverbmp280.o(i._ZN12DriverBMP2809WriteDataEhhj)
    DriverBMP280::DriverBMP280(I2C_HandleTypeDef*, unsigned short) 0x080032a1   Thumb Code    14  driverbmp280.o(i._ZN12DriverBMP280C1EP17I2C_HandleTypeDeft)
    DriverBMP280::DriverBMP280__sub_object(I2C_HandleTypeDef*, unsigned short) 0x080032a1   Thumb Code     0  driverbmp280.o(i._ZN12DriverBMP280C1EP17I2C_HandleTypeDeft)
    __ARM_fpclassify                         0x080032af   Thumb Code    40  fpclassify.o(i.__ARM_fpclassify)
    _is_digit                                0x080032f7   Thumb Code    14  __printf_wp.o(i._is_digit)
    main                                     0x08003305   Thumb Code   320  main.o(i.main)
    _get_lc_numeric                          0x080034bd   Thumb Code    44  lc_numeric_c.o(locale$$code)
    __aeabi_d2f                              0x080034e9   Thumb Code     0  d2f.o(x$fpl$d2f)
    _d2f                                     0x080034e9   Thumb Code    98  d2f.o(x$fpl$d2f)
    __fpl_dcheck_NaN1                        0x0800354d   Thumb Code    10  dcheck1.o(x$fpl$dcheck1)
    __aeabi_ui2d                             0x0800355d   Thumb Code     0  dflt_clz.o(x$fpl$dfltu)
    _dfltu                                   0x0800355d   Thumb Code    38  dflt_clz.o(x$fpl$dfltu)
    __fpl_dnaninf                            0x08003583   Thumb Code   156  dnaninf.o(x$fpl$dnaninf)
    __fpl_dretinf                            0x0800361f   Thumb Code    12  dretinf.o(x$fpl$dretinf)
    __aeabi_f2d                              0x0800362d   Thumb Code     0  f2d.o(x$fpl$f2d)
    _f2d                                     0x0800362d   Thumb Code    86  f2d.o(x$fpl$f2d)
    __aeabi_fdiv                             0x08003685   Thumb Code     0  fdiv.o(x$fpl$fdiv)
    _fdiv                                    0x08003685   Thumb Code   384  fdiv.o(x$fpl$fdiv)
    __aeabi_i2f                              0x08003809   Thumb Code     0  fflt_clz.o(x$fpl$fflt)
    _fflt                                    0x08003809   Thumb Code    48  fflt_clz.o(x$fpl$fflt)
    __fpl_fnaninf                            0x08003839   Thumb Code   140  fnaninf.o(x$fpl$fnaninf)
    __fpl_fretinf                            0x080038c5   Thumb Code    10  fretinf.o(x$fpl$fretinf)
    _printf_fp_dec                           0x080038cf   Thumb Code     4  printf1.o(x$fpl$printf1)
    __fpl_return_NaN                         0x080038d3   Thumb Code   100  retnan.o(x$fpl$retnan)
    __ARM_scalbn                             0x08003937   Thumb Code    92  scalbn.o(x$fpl$scalbn)
    __fpl_cmpreturn                          0x08003993   Thumb Code    48  trapv.o(x$fpl$trapveneer)
    AHBPrescTable                            0x080039c2   Data          16  system_stm32f1xx.o(.constdata)
    __I$use$fp                               0x080039c2   Number         0  usenofp.o(x$fpl$usenofp)
    APBPrescTable                            0x080039d2   Data           8  system_stm32f1xx.o(.constdata)
    Region$$Table$$Base                      0x08003a70   Number         0  anon$$obj.o(Region$$Table)
    Region$$Table$$Limit                     0x08003a90   Number         0  anon$$obj.o(Region$$Table)
    pressure                                 0x20000000   Data           4  main.o(.data)
    temperature                              0x20000004   Data           4  main.o(.data)
    humidity                                 0x20000008   Data           4  main.o(.data)
    SystemCoreClock                          0x2000000c   Data           4  system_stm32f1xx.o(.data)
    uwTickFreq                               0x20000010   Data           1  stm32f1xx_hal.o(.data)
    uwTickPrio                               0x20000014   Data           4  stm32f1xx_hal.o(.data)
    uwTick                                   0x20000018   Data           4  stm32f1xx_hal.o(.data)
    Data                                     0x2000001c   Data         256  main.o(.bss)
    hi2c1                                    0x2000011c   Data          84  i2c.o(.bss)
    htim7                                    0x20000170   Data          72  tim.o(.bss)
    GPIO_InitStructure                       0x200001b8   Data          16  lcd_hd44780_lib.o(.bss)
    __libspace_start                         0x200001c8   Data          96  libspace.o(.bss)
    __temporary_stack_top$libspace           0x20000228   Data           0  libspace.o(.bss)



==============================================================================

Memory Map of the image

  Image Entry point : 0x08000151

  Load Region LR_IROM1 (Base: 0x08000000, Size: 0x00003ac8, Max: 0x00040000, ABSOLUTE)

    Execution Region ER_IROM1 (Exec base: 0x08000000, Load base: 0x08000000, Size: 0x00003aac, Max: 0x00040000, ABSOLUTE)

    Exec Addr    Load Addr    Size         Type   Attr      Idx    E Section Name        Object

    0x08000000   0x08000000   0x00000150   Data   RO            3    RESET               startup_stm32f107xc.o
    0x08000150   0x08000150   0x00000008   Code   RO         3152  * !!!main             c_w.l(__main.o)
    0x08000158   0x08000158   0x00000034   Code   RO         3412    !!!scatter          c_w.l(__scatter.o)
    0x0800018c   0x0800018c   0x0000001a   Code   RO         3414    !!handler_copy      c_w.l(__scatter_copy.o)
    0x080001a6   0x080001a6   0x00000002   PAD
    0x080001a8   0x080001a8   0x0000001c   Code   RO         3416    !!handler_zi        c_w.l(__scatter_zi.o)
    0x080001c4   0x080001c4   0x00000000   Code   RO         3147    .ARM.Collect$$_printf_percent$$00000000  c_w.l(_printf_percent.o)
    0x080001c4   0x080001c4   0x00000006   Code   RO         3146    .ARM.Collect$$_printf_percent$$00000003  c_w.l(_printf_f.o)
    0x080001ca   0x080001ca   0x00000004   Code   RO         3189    .ARM.Collect$$_printf_percent$$00000017  c_w.l(_printf_percent_end.o)
    0x080001ce   0x080001ce   0x00000002   Code   RO         3281    .ARM.Collect$$libinit$$00000000  c_w.l(libinit.o)
    0x080001d0   0x080001d0   0x00000000   Code   RO         3283    .ARM.Collect$$libinit$$00000002  c_w.l(libinit2.o)
    0x080001d0   0x080001d0   0x00000000   Code   RO         3285    .ARM.Collect$$libinit$$00000004  c_w.l(libinit2.o)
    0x080001d0   0x080001d0   0x00000000   Code   RO         3288    .ARM.Collect$$libinit$$0000000A  c_w.l(libinit2.o)
    0x080001d0   0x080001d0   0x00000000   Code   RO         3290    .ARM.Collect$$libinit$$0000000C  c_w.l(libinit2.o)
    0x080001d0   0x080001d0   0x00000000   Code   RO         3292    .ARM.Collect$$libinit$$0000000E  c_w.l(libinit2.o)
    0x080001d0   0x080001d0   0x00000006   Code   RO         3293    .ARM.Collect$$libinit$$0000000F  c_w.l(libinit2.o)
    0x080001d6   0x080001d6   0x00000000   Code   RO         3295    .ARM.Collect$$libinit$$00000011  c_w.l(libinit2.o)
    0x080001d6   0x080001d6   0x00000000   Code   RO         3297    .ARM.Collect$$libinit$$00000013  c_w.l(libinit2.o)
    0x080001d6   0x080001d6   0x00000000   Code   RO         3299    .ARM.Collect$$libinit$$00000015  c_w.l(libinit2.o)
    0x080001d6   0x080001d6   0x0000000a   Code   RO         3300    .ARM.Collect$$libinit$$00000016  c_w.l(libinit2.o)
    0x080001e0   0x080001e0   0x00000000   Code   RO         3301    .ARM.Collect$$libinit$$00000017  c_w.l(libinit2.o)
    0x080001e0   0x080001e0   0x00000000   Code   RO         3303    .ARM.Collect$$libinit$$00000019  c_w.l(libinit2.o)
    0x080001e0   0x080001e0   0x00000000   Code   RO         3305    .ARM.Collect$$libinit$$0000001B  c_w.l(libinit2.o)
    0x080001e0   0x080001e0   0x00000000   Code   RO         3307    .ARM.Collect$$libinit$$0000001D  c_w.l(libinit2.o)
    0x080001e0   0x080001e0   0x00000000   Code   RO         3309    .ARM.Collect$$libinit$$0000001F  c_w.l(libinit2.o)
    0x080001e0   0x080001e0   0x00000000   Code   RO         3311    .ARM.Collect$$libinit$$00000021  c_w.l(libinit2.o)
    0x080001e0   0x080001e0   0x00000000   Code   RO         3313    .ARM.Collect$$libinit$$00000023  c_w.l(libinit2.o)
    0x080001e0   0x080001e0   0x00000000   Code   RO         3315    .ARM.Collect$$libinit$$00000025  c_w.l(libinit2.o)
    0x080001e0   0x080001e0   0x00000000   Code   RO         3319    .ARM.Collect$$libinit$$0000002C  c_w.l(libinit2.o)
    0x080001e0   0x080001e0   0x00000000   Code   RO         3321    .ARM.Collect$$libinit$$0000002E  c_w.l(libinit2.o)
    0x080001e0   0x080001e0   0x00000000   Code   RO         3323    .ARM.Collect$$libinit$$00000030  c_w.l(libinit2.o)
    0x080001e0   0x080001e0   0x00000000   Code   RO         3325    .ARM.Collect$$libinit$$00000032  c_w.l(libinit2.o)
    0x080001e0   0x080001e0   0x00000002   Code   RO         3326    .ARM.Collect$$libinit$$00000033  c_w.l(libinit2.o)
    0x080001e2   0x080001e2   0x00000002   Code   RO         3375    .ARM.Collect$$libshutdown$$00000000  c_w.l(libshutdown.o)
    0x080001e4   0x080001e4   0x00000000   Code   RO         3393    .ARM.Collect$$libshutdown$$00000002  c_w.l(libshutdown2.o)
    0x080001e4   0x080001e4   0x00000000   Code   RO         3395    .ARM.Collect$$libshutdown$$00000004  c_w.l(libshutdown2.o)
    0x080001e4   0x080001e4   0x00000000   Code   RO         3397    .ARM.Collect$$libshutdown$$00000006  c_w.l(libshutdown2.o)
    0x080001e4   0x080001e4   0x00000000   Code   RO         3400    .ARM.Collect$$libshutdown$$00000009  c_w.l(libshutdown2.o)
    0x080001e4   0x080001e4   0x00000000   Code   RO         3403    .ARM.Collect$$libshutdown$$0000000C  c_w.l(libshutdown2.o)
    0x080001e4   0x080001e4   0x00000000   Code   RO         3405    .ARM.Collect$$libshutdown$$0000000E  c_w.l(libshutdown2.o)
    0x080001e4   0x080001e4   0x00000000   Code   RO         3408    .ARM.Collect$$libshutdown$$00000011  c_w.l(libshutdown2.o)
    0x080001e4   0x080001e4   0x00000002   Code   RO         3409    .ARM.Collect$$libshutdown$$00000012  c_w.l(libshutdown2.o)
    0x080001e6   0x080001e6   0x00000000   Code   RO         3178    .ARM.Collect$$rtentry$$00000000  c_w.l(__rtentry.o)
    0x080001e6   0x080001e6   0x00000000   Code   RO         3202    .ARM.Collect$$rtentry$$00000002  c_w.l(__rtentry2.o)
    0x080001e6   0x080001e6   0x00000006   Code   RO         3214    .ARM.Collect$$rtentry$$00000004  c_w.l(__rtentry4.o)
    0x080001ec   0x080001ec   0x00000000   Code   RO         3204    .ARM.Collect$$rtentry$$00000009  c_w.l(__rtentry2.o)
    0x080001ec   0x080001ec   0x00000004   Code   RO         3205    .ARM.Collect$$rtentry$$0000000A  c_w.l(__rtentry2.o)
    0x080001f0   0x080001f0   0x00000000   Code   RO         3207    .ARM.Collect$$rtentry$$0000000C  c_w.l(__rtentry2.o)
    0x080001f0   0x080001f0   0x00000008   Code   RO         3208    .ARM.Collect$$rtentry$$0000000D  c_w.l(__rtentry2.o)
    0x080001f8   0x080001f8   0x00000002   Code   RO         3329    .ARM.Collect$$rtexit$$00000000  c_w.l(rtexit.o)
    0x080001fa   0x080001fa   0x00000000   Code   RO         3344    .ARM.Collect$$rtexit$$00000002  c_w.l(rtexit2.o)
    0x080001fa   0x080001fa   0x00000004   Code   RO         3345    .ARM.Collect$$rtexit$$00000003  c_w.l(rtexit2.o)
    0x080001fe   0x080001fe   0x00000006   Code   RO         3346    .ARM.Collect$$rtexit$$00000004  c_w.l(rtexit2.o)
    0x08000204   0x08000204   0x00000040   Code   RO            4    .text               startup_stm32f107xc.o
    0x08000244   0x08000244   0x000000ee   Code   RO         3114    .text               c_w.l(lludivv7m.o)
    0x08000332   0x08000332   0x00000048   Code   RO         3118    .text               c_w.l(llsdiv.o)
    0x0800037a   0x0800037a   0x00000002   PAD
    0x0800037c   0x0800037c   0x00000028   Code   RO         3122    .text               c_w.l(noretval__2sprintf.o)
    0x080003a4   0x080003a4   0x0000010e   Code   RO         3134    .text               c_w.l(__printf_wp.o)
    0x080004b2   0x080004b2   0x0000004e   Code   RO         3148    .text               c_w.l(rt_memclr_w.o)
    0x08000500   0x08000500   0x00000006   Code   RO         3150    .text               c_w.l(heapauxi.o)
    0x08000506   0x08000506   0x0000041e   Code   RO         3183    .text               c_w.l(_printf_fp_dec.o)
    0x08000924   0x08000924   0x00000030   Code   RO         3185    .text               c_w.l(_printf_char_common.o)
    0x08000954   0x08000954   0x0000000a   Code   RO         3187    .text               c_w.l(_sputc.o)
    0x0800095e   0x0800095e   0x00000002   PAD
    0x08000960   0x08000960   0x00000008   Code   RO         3221    .text               c_w.l(rt_locale_intlibspace.o)
    0x08000968   0x08000968   0x0000008a   Code   RO         3223    .text               c_w.l(lludiv10.o)
    0x080009f2   0x080009f2   0x00000002   PAD
    0x080009f4   0x080009f4   0x00000080   Code   RO         3225    .text               c_w.l(_printf_fp_infnan.o)
    0x08000a74   0x08000a74   0x000000e4   Code   RO         3229    .text               c_w.l(bigflt0.o)
    0x08000b58   0x08000b58   0x00000008   Code   RO         3263    .text               c_w.l(libspace.o)
    0x08000b60   0x08000b60   0x0000004a   Code   RO         3266    .text               c_w.l(sys_stackheap_outer.o)
    0x08000baa   0x08000baa   0x00000012   Code   RO         3268    .text               c_w.l(exit.o)
    0x08000bbc   0x08000bbc   0x00000080   Code   RO         3274    .text               c_w.l(strcmpv7m.o)
    0x08000c3c   0x08000c3c   0x0000000c   Code   RO         3341    .text               c_w.l(sys_exit.o)
    0x08000c48   0x08000c48   0x00000002   Code   RO         3362    .text               c_w.l(use_no_semi.o)
    0x08000c4a   0x08000c4a   0x00000000   Code   RO         3364    .text               c_w.l(indicate_semi.o)
    0x08000c4a   0x08000c4a   0x0000003e   Code   RO         3232    CL$$btod_d2e        c_w.l(btod.o)
    0x08000c88   0x08000c88   0x00000046   Code   RO         3234    CL$$btod_d2e_denorm_low  c_w.l(btod.o)
    0x08000cce   0x08000cce   0x00000060   Code   RO         3233    CL$$btod_d2e_norm_op1  c_w.l(btod.o)
    0x08000d2e   0x08000d2e   0x00000338   Code   RO         3242    CL$$btod_div_common  c_w.l(btod.o)
    0x08001066   0x08001066   0x000000dc   Code   RO         3239    CL$$btod_e2e        c_w.l(btod.o)
    0x08001142   0x08001142   0x0000002a   Code   RO         3236    CL$$btod_ediv       c_w.l(btod.o)
    0x0800116c   0x0800116c   0x0000002a   Code   RO         3235    CL$$btod_emul       c_w.l(btod.o)
    0x08001196   0x08001196   0x00000244   Code   RO         3241    CL$$btod_mult_common  c_w.l(btod.o)
    0x080013da   0x080013da   0x00000002   Code   RO          363    i.BusFault_Handler  stm32f1xx_it.o
    0x080013dc   0x080013dc   0x00000002   Code   RO          364    i.DebugMon_Handler  stm32f1xx_it.o
    0x080013de   0x080013de   0x00000004   Code   RO           13    i.Error_Handler     main.o
    0x080013e2   0x080013e2   0x00000002   PAD
    0x080013e4   0x080013e4   0x00000024   Code   RO         1150    i.HAL_Delay         stm32f1xx_hal.o
    0x08001408   0x08001408   0x000001cc   Code   RO         1482    i.HAL_GPIO_Init     stm32f1xx_hal_gpio.o
    0x080015d4   0x080015d4   0x0000000a   Code   RO         1484    i.HAL_GPIO_ReadPin  stm32f1xx_hal_gpio.o
    0x080015de   0x080015de   0x0000000a   Code   RO         1486    i.HAL_GPIO_WritePin  stm32f1xx_hal_gpio.o
    0x080015e8   0x080015e8   0x0000000c   Code   RO         1154    i.HAL_GetTick       stm32f1xx_hal.o
    0x080015f4   0x080015f4   0x00000188   Code   RO          722    i.HAL_I2C_Init      stm32f1xx_hal_i2c.o
    0x0800177c   0x0800177c   0x00000250   Code   RO          740    i.HAL_I2C_Mem_Read  stm32f1xx_hal_i2c.o
    0x080019cc   0x080019cc   0x00000130   Code   RO          743    i.HAL_I2C_Mem_Write  stm32f1xx_hal_i2c.o
    0x08001afc   0x08001afc   0x0000005c   Code   RO          280    i.HAL_I2C_MspInit   i2c.o
    0x08001b58   0x08001b58   0x00000010   Code   RO         1160    i.HAL_IncTick       stm32f1xx_hal.o
    0x08001b68   0x08001b68   0x00000024   Code   RO         1161    i.HAL_Init          stm32f1xx_hal.o
    0x08001b8c   0x08001b8c   0x00000040   Code   RO         1162    i.HAL_InitTick      stm32f1xx_hal.o
    0x08001bcc   0x08001bcc   0x0000003c   Code   RO          433    i.HAL_MspInit       stm32f1xx_hal_msp.o
    0x08001c08   0x08001c08   0x0000001a   Code   RO         1642    i.HAL_NVIC_EnableIRQ  stm32f1xx_hal_cortex.o
    0x08001c22   0x08001c22   0x00000002   PAD
    0x08001c24   0x08001c24   0x00000040   Code   RO         1648    i.HAL_NVIC_SetPriority  stm32f1xx_hal_cortex.o
    0x08001c64   0x08001c64   0x00000024   Code   RO         1649    i.HAL_NVIC_SetPriorityGrouping  stm32f1xx_hal_cortex.o
    0x08001c88   0x08001c88   0x00000138   Code   RO         1318    i.HAL_RCC_ClockConfig  stm32f1xx_hal_rcc.o
    0x08001dc0   0x08001dc0   0x00000020   Code   RO         1325    i.HAL_RCC_GetPCLK1Freq  stm32f1xx_hal_rcc.o
    0x08001de0   0x08001de0   0x000000c4   Code   RO         1327    i.HAL_RCC_GetSysClockFreq  stm32f1xx_hal_rcc.o
    0x08001ea4   0x08001ea4   0x000003d4   Code   RO         1330    i.HAL_RCC_OscConfig  stm32f1xx_hal_rcc.o
    0x08002278   0x08002278   0x00000028   Code   RO         1653    i.HAL_SYSTICK_Config  stm32f1xx_hal_cortex.o
    0x080022a0   0x080022a0   0x00000002   Code   RO         2848    i.HAL_TIMEx_BreakCallback  stm32f1xx_hal_tim_ex.o
    0x080022a2   0x080022a2   0x00000002   Code   RO         2849    i.HAL_TIMEx_CommutCallback  stm32f1xx_hal_tim_ex.o
    0x080022a4   0x080022a4   0x00000074   Code   RO         2867    i.HAL_TIMEx_MasterConfigSynchronization  stm32f1xx_hal_tim_ex.o
    0x08002318   0x08002318   0x0000005a   Code   RO         2144    i.HAL_TIM_Base_Init  stm32f1xx_hal_tim.o
    0x08002372   0x08002372   0x00000002   PAD
    0x08002374   0x08002374   0x0000003c   Code   RO          322    i.HAL_TIM_Base_MspInit  tim.o
    0x080023b0   0x080023b0   0x00000002   Code   RO         2178    i.HAL_TIM_IC_CaptureCallback  stm32f1xx_hal_tim.o
    0x080023b2   0x080023b2   0x00000166   Code   RO         2192    i.HAL_TIM_IRQHandler  stm32f1xx_hal_tim.o
    0x08002518   0x08002518   0x00000002   Code   RO         2195    i.HAL_TIM_OC_DelayElapsedCallback  stm32f1xx_hal_tim.o
    0x0800251a   0x0800251a   0x00000002   Code   RO         2222    i.HAL_TIM_PWM_PulseFinishedCallback  stm32f1xx_hal_tim.o
    0x0800251c   0x0800251c   0x00000002   Code   RO         2230    i.HAL_TIM_PeriodElapsedCallback  stm32f1xx_hal_tim.o
    0x0800251e   0x0800251e   0x00000002   Code   RO         2235    i.HAL_TIM_TriggerCallback  stm32f1xx_hal_tim.o
    0x08002520   0x08002520   0x00000002   Code   RO          365    i.HardFault_Handler  stm32f1xx_it.o
    0x08002522   0x08002522   0x0000002e   Code   RO          764    i.I2C_IsAcknowledgeFailed  stm32f1xx_hal_i2c.o
    0x08002550   0x08002550   0x000000fc   Code   RO          774    i.I2C_RequestMemoryRead  stm32f1xx_hal_i2c.o
    0x0800264c   0x0800264c   0x000000a8   Code   RO          775    i.I2C_RequestMemoryWrite  stm32f1xx_hal_i2c.o
    0x080026f4   0x080026f4   0x0000004c   Code   RO          779    i.I2C_WaitOnBTFFlagUntilTimeout  stm32f1xx_hal_i2c.o
    0x08002740   0x08002740   0x00000068   Code   RO          780    i.I2C_WaitOnFlagUntilTimeout  stm32f1xx_hal_i2c.o
    0x080027a8   0x080027a8   0x00000098   Code   RO          781    i.I2C_WaitOnMasterAddressFlagUntilTimeout  stm32f1xx_hal_i2c.o
    0x08002840   0x08002840   0x0000006a   Code   RO          782    i.I2C_WaitOnRXNEFlagUntilTimeout  stm32f1xx_hal_i2c.o
    0x080028aa   0x080028aa   0x0000004c   Code   RO          783    i.I2C_WaitOnTXEFlagUntilTimeout  stm32f1xx_hal_i2c.o
    0x080028f6   0x080028f6   0x00000006   Code   RO          529    i.LCD_Clear         lcd_hd44780_lib.o
    0x080028fc   0x080028fc   0x0000000e   Code   RO          530    i.LCD_GoTo          lcd_hd44780_lib.o
    0x0800290a   0x0800290a   0x00000002   PAD
    0x0800290c   0x0800290c   0x000000a4   Code   RO          531    i.LCD_Initialize    lcd_hd44780_lib.o
    0x080029b0   0x080029b0   0x00000054   Code   RO          532    i.LCD_ReadNibble    lcd_hd44780_lib.o
    0x08002a04   0x08002a04   0x00000058   Code   RO          533    i.LCD_ReadStatus    lcd_hd44780_lib.o
    0x08002a5c   0x08002a5c   0x00000028   Code   RO          534    i.LCD_SetUserChar   lcd_hd44780_lib.o
    0x08002a84   0x08002a84   0x00000038   Code   RO          538    i.LCD_WriteCommand  lcd_hd44780_lib.o
    0x08002abc   0x08002abc   0x00000038   Code   RO          539    i.LCD_WriteData     lcd_hd44780_lib.o
    0x08002af4   0x08002af4   0x00000054   Code   RO          540    i.LCD_WriteNibble   lcd_hd44780_lib.o
    0x08002b48   0x08002b48   0x00000014   Code   RO          541    i.LCD_WriteText     lcd_hd44780_lib.o
    0x08002b5c   0x08002b5c   0x0000001e   Code   RO          542    i.LCD_WriteTextXY   lcd_hd44780_lib.o
    0x08002b7a   0x08002b7a   0x00000002   PAD
    0x08002b7c   0x08002b7c   0x00000108   Code   RO          164    i.MX_GPIO_Init      gpio.o
    0x08002c84   0x08002c84   0x00000040   Code   RO          281    i.MX_I2C1_Init      i2c.o
    0x08002cc4   0x08002cc4   0x00000048   Code   RO          323    i.MX_TIM7_Init      tim.o
    0x08002d0c   0x08002d0c   0x00000002   Code   RO          366    i.MemManage_Handler  stm32f1xx_it.o
    0x08002d0e   0x08002d0e   0x00000002   Code   RO          367    i.NMI_Handler       stm32f1xx_it.o
    0x08002d10   0x08002d10   0x00000004   Code   RO          368    i.SysTick_Handler   stm32f1xx_it.o
    0x08002d14   0x08002d14   0x00000002   Code   RO          638    i.SystemInit        system_stm32f1xx.o
    0x08002d16   0x08002d16   0x00000002   PAD
    0x08002d18   0x08002d18   0x0000000c   Code   RO          369    i.TIM7_IRQHandler   stm32f1xx_it.o
    0x08002d24   0x08002d24   0x00000078   Code   RO         2237    i.TIM_Base_SetConfig  stm32f1xx_hal_tim.o
    0x08002d9c   0x08002d9c   0x00000002   Code   RO          370    i.UsageFault_Handler  stm32f1xx_it.o
    0x08002d9e   0x08002d9e   0x00000002   PAD
    0x08002da0   0x08002da0   0x00000074   Code   RO           14    i._Z18SystemClock_Configv  main.o
    0x08002e14   0x08002e14   0x000000a4   Code   RO          457    i._ZN12DriverBMP28010ReadValuesERfS0_S0_  driverbmp280.o
    0x08002eb8   0x08002eb8   0x00000068   Code   RO          458    i._ZN12DriverBMP28018CompensateHumidityEii  driverbmp280.o
    0x08002f20   0x08002f20   0x00000154   Code   RO          459    i._ZN12DriverBMP28018CompensatePressureEii  driverbmp280.o
    0x08003074   0x08003074   0x00000030   Code   RO          460    i._ZN12DriverBMP28021CompensateTemperatureEiRi  driverbmp280.o
    0x080030a4   0x080030a4   0x0000014c   Code   RO          461    i._ZN12DriverBMP28026ReadAndSaveCalibrationDataEv  driverbmp280.o
    0x080031f0   0x080031f0   0x00000060   Code   RO          462    i._ZN12DriverBMP2804InitEv  driverbmp280.o
    0x08003250   0x08003250   0x00000026   Code   RO          463    i._ZN12DriverBMP2808ReadDataEhPhj  driverbmp280.o
    0x08003276   0x08003276   0x0000002a   Code   RO          464    i._ZN12DriverBMP2809WriteDataEhhj  driverbmp280.o
    0x080032a0   0x080032a0   0x0000000e   Code   RO          465    i._ZN12DriverBMP280C1EP17I2C_HandleTypeDeft  driverbmp280.o
    0x080032ae   0x080032ae   0x00000028   Code   RO         3261    i.__ARM_fpclassify  m_ws.l(fpclassify.o)
    0x080032d6   0x080032d6   0x00000020   Code   RO         1655    i.__NVIC_SetPriority  stm32f1xx_hal_cortex.o
    0x080032f6   0x080032f6   0x0000000e   Code   RO         3136    i._is_digit         c_w.l(__printf_wp.o)
    0x08003304   0x08003304   0x000001b8   Code   RO           15    i.main              main.o
    0x080034bc   0x080034bc   0x0000002c   Code   RO         3255    locale$$code        c_w.l(lc_numeric_c.o)
    0x080034e8   0x080034e8   0x00000062   Code   RO         3154    x$fpl$d2f           fz_ws.l(d2f.o)
    0x0800354a   0x0800354a   0x00000002   PAD
    0x0800354c   0x0800354c   0x00000010   Code   RO         3190    x$fpl$dcheck1       fz_ws.l(dcheck1.o)
    0x0800355c   0x0800355c   0x00000026   Code   RO         3156    x$fpl$dfltu         fz_ws.l(dflt_clz.o)
    0x08003582   0x08003582   0x0000009c   Code   RO         3192    x$fpl$dnaninf       fz_ws.l(dnaninf.o)
    0x0800361e   0x0800361e   0x0000000c   Code   RO         3194    x$fpl$dretinf       fz_ws.l(dretinf.o)
    0x0800362a   0x0800362a   0x00000002   PAD
    0x0800362c   0x0800362c   0x00000056   Code   RO         3162    x$fpl$f2d           fz_ws.l(f2d.o)
    0x08003682   0x08003682   0x00000002   PAD
    0x08003684   0x08003684   0x00000184   Code   RO         3165    x$fpl$fdiv          fz_ws.l(fdiv.o)
    0x08003808   0x08003808   0x00000030   Code   RO         3169    x$fpl$fflt          fz_ws.l(fflt_clz.o)
    0x08003838   0x08003838   0x0000008c   Code   RO         3196    x$fpl$fnaninf       fz_ws.l(fnaninf.o)
    0x080038c4   0x080038c4   0x0000000a   Code   RO         3198    x$fpl$fretinf       fz_ws.l(fretinf.o)
    0x080038ce   0x080038ce   0x00000004   Code   RO         3174    x$fpl$printf1       fz_ws.l(printf1.o)
    0x080038d2   0x080038d2   0x00000064   Code   RO         3259    x$fpl$retnan        fz_ws.l(retnan.o)
    0x08003936   0x08003936   0x0000005c   Code   RO         3176    x$fpl$scalbn        fz_ws.l(scalbn.o)
    0x08003992   0x08003992   0x00000030   Code   RO         3327    x$fpl$trapveneer    fz_ws.l(trapv.o)
    0x080039c2   0x080039c2   0x00000000   Code   RO         3200    x$fpl$usenofp       fz_ws.l(usenofp.o)
    0x080039c2   0x080039c2   0x00000010   Data   RO          639    .constdata          system_stm32f1xx.o
    0x080039d2   0x080039d2   0x00000008   Data   RO          640    .constdata          system_stm32f1xx.o
    0x080039da   0x080039da   0x00000002   PAD
    0x080039dc   0x080039dc   0x00000094   Data   RO         3230    .constdata          c_w.l(bigflt0.o)
    0x08003a70   0x08003a70   0x00000020   Data   RO         3410    Region$$Table       anon$$obj.o
    0x08003a90   0x08003a90   0x0000001c   Data   RO         3254    locale$$data        c_w.l(lc_numeric_c.o)


    Execution Region RW_IRAM1 (Exec base: 0x20000000, Load base: 0x08003aac, Size: 0x00000828, Max: 0x00010000, ABSOLUTE)

    Exec Addr    Load Addr    Size         Type   Attr      Idx    E Section Name        Object

    0x20000000   0x08003aac   0x0000000c   Data   RW           20    .data               main.o
    0x2000000c   0x08003ab8   0x00000004   Data   RW          641    .data               system_stm32f1xx.o
    0x20000010   0x08003abc   0x0000000c   Data   RW         1168    .data               stm32f1xx_hal.o
    0x2000001c        -       0x00000100   Zero   RW           19    .bss                main.o
    0x2000011c        -       0x00000054   Zero   RW          282    .bss                i2c.o
    0x20000170        -       0x00000048   Zero   RW          324    .bss                tim.o
    0x200001b8        -       0x00000010   Zero   RW          543    .bss                lcd_hd44780_lib.o
    0x200001c8        -       0x00000060   Zero   RW         3264    .bss                c_w.l(libspace.o)
    0x20000228        -       0x00000200   Zero   RW            2    HEAP                startup_stm32f107xc.o
    0x20000428        -       0x00000400   Zero   RW            1    STACK               startup_stm32f107xc.o


==============================================================================

Image component sizes


      Code (inc. data)   RO Data    RW Data    ZI Data      Debug   Object Name

      1178          8          0          0          0       6132   driverbmp280.o
       264         22          0          0          0     635739   gpio.o
       156         26          0          0         84       1553   i2c.o
       642         36          0          0         16       6416   lcd_hd44780_lib.o
       560        124          0         12        256     601673   main.o
        64         26        336          0       1536        800   startup_stm32f107xc.o
       164         28          0         12          0       6897   stm32f1xx_hal.o
       198         14          0          0          0      28851   stm32f1xx_hal_cortex.o
       480         34          0          0          0       3435   stm32f1xx_hal_gpio.o
      2268         56          0          0          0      12654   stm32f1xx_hal_i2c.o
        60          8          0          0          0        830   stm32f1xx_hal_msp.o
      1520        100          0          0          0       5025   stm32f1xx_hal_rcc.o
       578         16          0          0          0       6473   stm32f1xx_hal_tim.o
       120         18          0          0          0       2421   stm32f1xx_hal_tim_ex.o
        28          6          0          0          0       3309   stm32f1xx_it.o
         2          0         24          4          0       1063   system_stm32f1xx.o
       132         20          0          0         72       1494   tim.o

    ----------------------------------------------------------------------
      8428        542        394         28       1964    1324765   Object Totals
         0          0         32          0          0          0   (incl. Generated)
        14          0          2          0          0          0   (incl. Padding)

    ----------------------------------------------------------------------

      Code (inc. data)   RO Data    RW Data    ZI Data      Debug   Library Member Name

         8          0          0          0          0         68   __main.o
       284          0          0          0          0        156   __printf_wp.o
         0          0          0          0          0          0   __rtentry.o
        12          0          0          0          0          0   __rtentry2.o
         6          0          0          0          0          0   __rtentry4.o
        52          8          0          0          0          0   __scatter.o
        26          0          0          0          0          0   __scatter_copy.o
        28          0          0          0          0          0   __scatter_zi.o
        48          6          0          0          0         96   _printf_char_common.o
         6          0          0          0          0          0   _printf_f.o
      1054          0          0          0          0        216   _printf_fp_dec.o
       128         16          0          0          0         84   _printf_fp_infnan.o
         0          0          0          0          0          0   _printf_percent.o
         4          0          0          0          0          0   _printf_percent_end.o
        10          0          0          0          0         68   _sputc.o
       228          4        148          0          0         96   bigflt0.o
      1936        128          0          0          0        672   btod.o
        18          0          0          0          0         80   exit.o
         6          0          0          0          0        152   heapauxi.o
         0          0          0          0          0          0   indicate_semi.o
        44         10         28          0          0         76   lc_numeric_c.o
         2          0          0          0          0          0   libinit.o
        18          0          0          0          0          0   libinit2.o
         2          0          0          0          0          0   libshutdown.o
         2          0          0          0          0          0   libshutdown2.o
         8          4          0          0         96         68   libspace.o
        72          0          0          0          0         76   llsdiv.o
       138          0          0          0          0         80   lludiv10.o
       238          0          0          0          0        100   lludivv7m.o
        40          6          0          0          0         84   noretval__2sprintf.o
         8          4          0          0          0         68   rt_locale_intlibspace.o
        78          0          0          0          0         80   rt_memclr_w.o
         2          0          0          0          0          0   rtexit.o
        10          0          0          0          0          0   rtexit2.o
       128          0          0          0          0         68   strcmpv7m.o
        12          4          0          0          0         68   sys_exit.o
        74          0          0          0          0         80   sys_stackheap_outer.o
         2          0          0          0          0         68   use_no_semi.o
        98          4          0          0          0         92   d2f.o
        16          4          0          0          0         68   dcheck1.o
        38          0          0          0          0         68   dflt_clz.o
       156          4          0          0          0         92   dnaninf.o
        12          0          0          0          0         68   dretinf.o
        86          4          0          0          0         84   f2d.o
       388         76          0          0          0         96   fdiv.o
        48          0          0          0          0         68   fflt_clz.o
       140          4          0          0          0         84   fnaninf.o
        10          0          0          0          0         68   fretinf.o
         4          0          0          0          0         68   printf1.o
       100          0          0          0          0         68   retnan.o
        92          0          0          0          0         68   scalbn.o
        48          0          0          0          0         68   trapv.o
         0          0          0          0          0          0   usenofp.o
        40          0          0          0          0         68   fpclassify.o

    ----------------------------------------------------------------------
      6022        286        176          0         96       3732   Library Totals
        14          0          0          0          0          0   (incl. Padding)

    ----------------------------------------------------------------------

      Code (inc. data)   RO Data    RW Data    ZI Data      Debug   Library Name

      4732        190        176          0         96       2604   c_w.l
      1236         96          0          0          0       1060   fz_ws.l
        40          0          0          0          0         68   m_ws.l

    ----------------------------------------------------------------------
      6022        286        176          0         96       3732   Library Totals

    ----------------------------------------------------------------------

==============================================================================


      Code (inc. data)   RO Data    RW Data    ZI Data      Debug   

     14450        828        570         28       2060    1322565   Grand Totals
     14450        828        570         28       2060    1322565   ELF Image Totals
     14450        828        570         28          0          0   ROM Totals

==============================================================================

    Total RO  Size (Code + RO Data)                15020 (  14.67kB)
    Total RW  Size (RW Data + ZI Data)              2088 (   2.04kB)
    Total ROM Size (Code + RO Data + RW Data)      15048 (  14.70kB)

==============================================================================

